 native

 Timestamp is 5b4fb972 (Wed Jul 18 18:04:34 2018)

 Preferred load address is 0000000180000000

 Start         Length     Name                   Class
 0001:00000000 0000ae20H .text$mn                CODE
 0001:0000ae20 000000e0H .text$mn$00             CODE
 0001:0000af00 00000260H .text$x                 CODE
 0002:00000000 00000240H .idata$5                DATA
 0002:00000240 00000020H .00cfg                  DATA
 0002:00000260 00000008H .CRT$XCA                DATA
 0002:00000268 00000008H .CRT$XCU                DATA
 0002:00000270 00000008H .CRT$XCZ                DATA
 0002:00000278 00000008H .CRT$XIA                DATA
 0002:00000280 00000018H .CRT$XIC                DATA
 0002:00000298 00000008H .CRT$XIZ                DATA
 0002:000002a0 00000008H .CRT$XPA                DATA
 0002:000002a8 00000010H .CRT$XPX                DATA
 0002:000002b8 00000008H .CRT$XPXA               DATA
 0002:000002c0 00000008H .CRT$XPZ                DATA
 0002:000002c8 00000008H .CRT$XTA                DATA
 0002:000002d0 00000010H .CRT$XTZ                DATA
 0002:000002d8 00000000H .gfids$y                DATA
 0002:000002e0 000070d0H .rdata                  DATA
 0002:000073b0 00000000H .rdata$r                DATA
 0002:000073b0 00000378H .rdata$zzzdbg           DATA
 0002:00007728 00000008H .rtc$IAA                DATA
 0002:00007730 00000008H .rtc$IZZ                DATA
 0002:00007738 00000008H .rtc$TAA                DATA
 0002:00007740 00000008H .rtc$TZZ                DATA
 0002:00007748 00000af8H .xdata                  DATA
 0002:00008240 00000000H .xdata$x                DATA
 0002:00008240 00000020H .didat$2                DATA
 0002:00008260 00000020H .didat$3                DATA
 0002:00008280 000000a0H .didat$4                DATA
 0002:00008320 00000550H .didat$6                DATA
 0002:00008870 000000a0H .didat$7                DATA
 0002:00008910 00000050H .edata                  DATA
 0002:00008960 00000014H .idata$2                DATA
 0002:00008974 00000014H .idata$3                DATA
 0002:00008988 00000240H .idata$4                DATA
 0002:00008bc8 0000053aH .idata$6                DATA
 0003:00000000 00000920H .data                   DATA
 0003:00000920 00000000H .data$r                 DATA
 0003:00000920 000000a0H .didat$5                DATA
 0003:000009c0 000011d8H .bss                    DATA
 0004:00000000 00000d8cH .pdata                  DATA
 0005:00000000 00000060H .rsrc$01                DATA
 0005:00000060 00000180H .rsrc$02                DATA

  Address         Publics by Value              Rva+Base               Lib:Object

 0000:00000000       __guard_iat_count          0000000000000000     <absolute>
 0000:00000000       __dynamic_value_reloc_table 0000000000000000     <absolute>
 0000:00000000       __hybrid_code_map          0000000000000000     <absolute>
 0000:00000000       __hybrid_code_map_count    0000000000000000     <absolute>
 0000:00000000       __guard_iat_table          0000000000000000     <absolute>
 0000:00000000       __guard_longjmp_table      0000000000000000     <absolute>
 0000:00000000       __hybrid_auxiliary_iat     0000000000000000     <absolute>
 0000:00000000       __guard_longjmp_count      0000000000000000     <absolute>
 0000:00000000       __guard_fids_count         0000000000000000     <absolute>
 0000:00000000       __enclave_config           0000000000000000     <absolute>
 0000:00000000       ___safe_se_handler_table   0000000000000000     <absolute>
 0000:00000000       ___safe_se_handler_count   0000000000000000     <absolute>
 0000:00000000       __guard_fids_table         0000000000000000     <absolute>
 0000:00000100       __guard_flags              0000000000000100     <absolute>
 0000:00000000       __ImageBase                0000000180000000     <linker-defined>
 0001:000000e0       ?Method@@YAXAEBV?$FunctionCallbackInfo@VValue@v8@@@Nan@@@Z 00000001800010e0 f   native.obj
 0001:00000150       ?Init@@YAXV?$Local@VObject@v8@@@v8@@@Z 0000000180001150 f   native.obj
 0001:0000036c       __imp_load_?Value@External@v8@@QEBAPEAXXZ 000000018000136c f   node:node.exe
 0001:00000378       __tailMerge_node_exe       0000000180001378     node:node.exe
 0001:000003f1       __imp_load_?New@External@v8@@SA?AV?$Local@VExternal@v8@@@2@PEAVIsolate@2@PEAX@Z 00000001800013f1 f   node:node.exe
 0001:000003fd       __imp_load_?GetCurrentContext@Isolate@v8@@QEAA?AV?$Local@VContext@v8@@@2@XZ 00000001800013fd f   node:node.exe
 0001:00000409       __imp_load_?GetCurrent@Isolate@v8@@SAPEAV12@XZ 0000000180001409 f   node:node.exe
 0001:00000415       __imp_load_?CreateHandle@HandleScope@v8@@CAPEAPEAVObject@internal@2@PEAVHeapObject@42@PEAV342@@Z 0000000180001415 f   node:node.exe
 0001:00000421       __imp_load_??1HandleScope@v8@@QEAA@XZ 0000000180001421 f   node:node.exe
 0001:0000042d       __imp_load_?GetFunction@FunctionTemplate@v8@@QEAA?AV?$Local@VFunction@v8@@@2@XZ 000000018000142d f   node:node.exe
 0001:00000439       __imp_load_?New@FunctionTemplate@v8@@SA?AV?$Local@VFunctionTemplate@v8@@@2@PEAVIsolate@2@P6AXAEBV?$FunctionCallbackInfo@VValue@v8@@@2@@ZV?$Local@VValue@v8@@@2@V?$Local@VSignature@v8@@@2@HW4ConstructorBehavior@2@W4SideEffectType@2@@Z 0000000180001439 f   node:node.exe
 0001:00000445       __imp_load_?ToLocalEmpty@V8@v8@@CAXXZ 0000000180001445 f   node:node.exe
 0001:00000451       __imp_load_?Escape@EscapableHandleScope@v8@@AEAAPEAPEAVObject@internal@2@PEAPEAV342@@Z 0000000180001451 f   node:node.exe
 0001:0000045d       __imp_load_??0EscapableHandleScope@v8@@QEAA@PEAVIsolate@1@@Z 000000018000145d f   node:node.exe
 0001:00000469       __imp_load_?NewFromUtf8@String@v8@@SA?AV?$MaybeLocal@VString@v8@@@2@PEAVIsolate@2@PEBDW4NewStringType@2@H@Z 0000000180001469 f   node:node.exe
 0001:00000475       __imp_load_?SlowGetInternalField@Object@v8@@AEAA?AV?$Local@VValue@v8@@@2@H@Z 0000000180001475 f   node:node.exe
 0001:00000481       __imp_load_?SetInternalField@Object@v8@@QEAAXHV?$Local@VValue@v8@@@2@@Z 0000000180001481 f   node:node.exe
 0001:0000048d       __imp_load_?Set@Object@v8@@QEAA_NV?$Local@VValue@v8@@@2@0@Z 000000018000148d f   node:node.exe
 0001:00000499       __imp_load_?SetInternalFieldCount@ObjectTemplate@v8@@QEAAXH@Z 0000000180001499 f   node:node.exe
 0001:000004a5       __imp_load_?NewInstance@ObjectTemplate@v8@@QEAA?AV?$MaybeLocal@VObject@v8@@@2@V?$Local@VContext@v8@@@2@@Z 00000001800014a5 f   node:node.exe
 0001:000004b1       __imp_load_?New@ObjectTemplate@v8@@SA?AV?$Local@VObjectTemplate@v8@@@2@PEAVIsolate@2@V?$Local@VFunctionTemplate@v8@@@2@@Z 00000001800014b1 f   node:node.exe
 0001:000004bd       __imp_load_node_module_register 00000001800014bd f   node:node.exe
 0001:000004e0       __security_check_cookie    00000001800014e0 f   LIBCMT:_amdsecgs_.obj
 0001:00000848       _DllMainCRTStartup         0000000180001848 f   LIBCMT:dll_dllmain.obj
 0001:00000888       __raise_securityfailure    0000000180001888 f   LIBCMT:gs_report.obj
 0001:000008bc       __report_gsfailure         00000001800018bc f   LIBCMT:gs_report.obj
 0001:00000990       __report_rangecheckfailure 0000000180001990 f   LIBCMT:gs_report.obj
 0001:000009a4       __report_securityfailure   00000001800019a4 f   LIBCMT:gs_report.obj
 0001:00000b24       __security_init_cookie     0000000180001b24 f   LIBCMT:gs_support.obj
 0001:00000bd4       _get_startup_argv_mode     0000000180001bd4 f   LIBCMT:argv_mode.obj
 0001:00000bd4       DllMain                    0000000180001bd4 f   LIBCMT:dll_dllmain_stub.obj
 0001:00000bdc       ?__scrt_initialize_type_info@@YAXXZ 0000000180001bdc f   LIBCMT:tncleanup.obj
 0001:00000bec       ?__scrt_uninitialize_type_info@@YAXXZ 0000000180001bec f   LIBCMT:tncleanup.obj
 0001:00000bf8       __local_stdio_printf_options 0000000180001bf8 f i LIBCMT:default_local_stdio_options.obj
 0001:00000c00       __local_stdio_scanf_options 0000000180001c00 f i LIBCMT:default_local_stdio_options.obj
 0001:00000c08       __scrt_initialize_default_local_stdio_options 0000000180001c08 f   LIBCMT:default_local_stdio_options.obj
 0001:00000c24       __scrt_acquire_startup_lock 0000000180001c24 f   LIBCMT:utility.obj
 0001:00000c60       __scrt_dllmain_after_initialize_c 0000000180001c60 f   LIBCMT:utility.obj
 0001:00000c94       __scrt_dllmain_before_initialize_c 0000000180001c94 f   LIBCMT:utility.obj
 0001:00000cac       __scrt_dllmain_crt_thread_attach 0000000180001cac f   LIBCMT:utility.obj
 0001:00000cd4       __scrt_dllmain_crt_thread_detach 0000000180001cd4 f   LIBCMT:utility.obj
 0001:00000cec       __scrt_dllmain_exception_filter 0000000180001cec f   LIBCMT:utility.obj
 0001:00000d50       __scrt_dllmain_uninitialize_c 0000000180001d50 f   LIBCMT:utility.obj
 0001:00000d80       __scrt_dllmain_uninitialize_critical 0000000180001d80 f   LIBCMT:utility.obj
 0001:00000d94       __scrt_initialize_crt      0000000180001d94 f   LIBCMT:utility.obj
 0001:00000de0       __scrt_initialize_onexit_tables 0000000180001de0 f   LIBCMT:utility.obj
 0001:00000ec0       __scrt_is_nonwritable_in_current_image 0000000180001ec0 f   LIBCMT:utility.obj
 0001:00000f5c       __scrt_release_startup_lock 0000000180001f5c f   LIBCMT:utility.obj
 0001:00000f80       __scrt_uninitialize_crt    0000000180001f80 f   LIBCMT:utility.obj
 0001:00000fac       __scrt_get_dyn_tls_init_callback 0000000180001fac f   LIBCMT:dyn_tls_init.obj
 0001:00000fb4       __crt_debugger_hook        0000000180001fb4 f   LIBCMT:utility_desktop.obj
 0001:00000fbc       __scrt_fastfail            0000000180001fbc f   LIBCMT:utility_desktop.obj
 0001:00001108       _RTC_Initialize            0000000180002108 f   LIBCMT:_initsect_.obj
 0001:00001154       _RTC_Terminate             0000000180002154 f   LIBCMT:_initsect_.obj
 0001:000011a0       _guard_check_icall         00000001800021a0 f i LIBCMT:checkcfg.obj
 0001:000011a8       __isa_available_init       00000001800021a8 f   LIBCMT:_cpu_disp_.obj
 0001:00001364       __scrt_is_ucrt_dll_in_use  0000000180002364 f   LIBCMT:ucrt_detection.obj
 0001:00001370       _guard_check_icall_nop     0000000180002370 f i LIBCMT:guard_support.obj
 0001:00001380       __C_specific_handler       0000000180002380 f   libvcruntime:_riscchandler_.obj
 0001:0000158c       __std_type_info_destroy_list 000000018000258c f   libvcruntime:std_type_info.obj
 0001:000015b8       __vcrt_initialize          00000001800025b8 f   libvcruntime:initialization.obj
 0001:000015ec       __vcrt_thread_attach       00000001800025ec f   libvcruntime:initialization.obj
 0001:00001600       __vcrt_thread_detach       0000000180002600 f   libvcruntime:initialization.obj
 0001:00001614       __vcrt_uninitialize        0000000180002614 f   libvcruntime:initialization.obj
 0001:00001634       __vcrt_uninitialize_critical 0000000180002634 f   libvcruntime:initialization.obj
 0001:00001660       memset                     0000000180002660 f   libvcruntime:memset.obj
 0001:00001820       _local_unwind              0000000180002820 f   libvcruntime:_jmpuwind_.obj
 0001:00001850       _NLG_Notify                0000000180002850 f   libvcruntime:_jmpuwind_.obj
 0001:00001870       __NLG_Dispatch2            0000000180002870 f   libvcruntime:_jmpuwind_.obj
 0001:00001880       __NLG_Return2              0000000180002880 f   libvcruntime:_jmpuwind_.obj
 0001:00001884       __except_validate_context_record 0000000180002884 f   libvcruntime:jbcxrval.obj
 0001:000018bc       __vcrt_freefls             00000001800028bc f   libvcruntime:per_thread_data.obj
 0001:000018dc       __vcrt_freeptd             00000001800028dc f   libvcruntime:per_thread_data.obj
 0001:0000192c       __vcrt_getptd_noexit       000000018000292c f   libvcruntime:per_thread_data.obj
 0001:000019e4       __vcrt_initialize_ptd      00000001800029e4 f   libvcruntime:per_thread_data.obj
 0001:00001a38       __vcrt_uninitialize_ptd    0000000180002a38 f   libvcruntime:per_thread_data.obj
 0001:00001a5c       __vcrt_initialize_locks    0000000180002a5c f   libvcruntime:locks.obj
 0001:00001aa4       __vcrt_uninitialize_locks  0000000180002aa4 f   libvcruntime:locks.obj
 0001:00001cb4       __vcrt_FlsAlloc            0000000180002cb4 f   libvcruntime:winapi_downlevel.obj
 0001:00001d08       __vcrt_FlsFree             0000000180002d08 f   libvcruntime:winapi_downlevel.obj
 0001:00001d5c       __vcrt_FlsGetValue         0000000180002d5c f   libvcruntime:winapi_downlevel.obj
 0001:00001db0       __vcrt_FlsSetValue         0000000180002db0 f   libvcruntime:winapi_downlevel.obj
 0001:00001e18       __vcrt_InitializeCriticalSectionEx 0000000180002e18 f   libvcruntime:winapi_downlevel.obj
 0001:00001e90       __vcrt_initialize_winapi_thunks 0000000180002e90 f   libvcruntime:winapi_downlevel.obj
 0001:00001ed4       __vcrt_uninitialize_winapi_thunks 0000000180002ed4 f   libvcruntime:winapi_downlevel.obj
 0001:00001f14       __vcrt_initialize_pure_virtual_call_handler 0000000180002f14 f   libvcruntime:purevirt_data.obj
 0001:00001f50       memcpy                     0000000180002f50 f   libvcruntime:memcpy.obj
 0001:00001f50       memmove                    0000000180002f50 f   libvcruntime:memcpy.obj
 0001:000023b0       _CallSettingFrame          00000001800033b0 f   libvcruntime:handlers.obj
 0001:000023f0       __DestructExceptionObject  00000001800033f0 f   libvcruntime:ehhelpers.obj
 0001:00002474       ?_CallMemberFunction0@@YAXQEAX0@Z 0000000180003474 f i libvcruntime:ehhelpers.obj
 0001:00002478       ??0_LocaleUpdate@@QEAA@QEAU__crt_locale_pointers@@@Z 0000000180003478 f i libucrt:stricmp.obj
 0001:00002508       __ascii_stricmp            0000000180003508 f   libucrt:stricmp.obj
 0001:00002548       _stricmp                   0000000180003548 f   libucrt:stricmp.obj
 0001:00002590       _stricmp_l                 0000000180003590 f   libucrt:stricmp.obj
 0001:00002644       _initterm                  0000000180003644 f   libucrt:initterm.obj
 0001:000026a8       _initterm_e                00000001800036a8 f   libucrt:initterm.obj
 0001:000026e8       _seh_filter_dll            00000001800036e8 f   libucrt:exception_filter.obj
 0001:000026fc       _seh_filter_exe            00000001800036fc f   libucrt:exception_filter.obj
 0001:00002b08       __acrt_initialize_thread_local_exit_callback 0000000180003b08 f   libucrt:exit.obj
 0001:00002b10       _cexit                     0000000180003b10 f   libucrt:exit.obj
 0001:00002b20       _exit                      0000000180003b20 f   libucrt:exit.obj
 0001:00002b2c       _is_c_termination_complete 0000000180003b2c f   libucrt:exit.obj
 0001:00002cf0       __acrt_allocate_buffer_for_argv 0000000180003cf0 f   libucrt:argv_parsing.obj
 0001:00002d50       _configure_narrow_argv     0000000180003d50 f   libucrt:argv_parsing.obj
 0001:000030cc       __dcrt_uninitialize_environments_nolock 00000001800040cc f   libucrt:environment_initialization.obj
 0001:00003104       _initialize_narrow_environment 0000000180004104 f   libucrt:environment_initialization.obj
 0001:00003294       _execute_onexit_table      0000000180004294 f   libucrt:onexit.obj
 0001:000032d0       _initialize_onexit_table   00000001800042d0 f   libucrt:onexit.obj
 0001:00003348       __acrt_uninitialize_command_line 0000000180004348 f   libucrt:argv_data.obj
 0001:00003454       __acrt_initialize          0000000180004454 f   libucrt:initialization.obj
 0001:00003468       __acrt_thread_attach       0000000180004468 f   libucrt:initialization.obj
 0001:0000347c       __acrt_thread_detach       000000018000447c f   libucrt:initialization.obj
 0001:0000348c       __acrt_uninitialize        000000018000448c f   libucrt:initialization.obj
 0001:000034c4       __acrt_uninitialize_critical 00000001800044c4 f   libucrt:initialization.obj
 0001:000034d4       terminate                  00000001800044d4 f   libucrt:terminate.obj
 0001:000034f4       _free_base                 00000001800044f4 f   libucrt:free_base.obj
 0001:00003534       _malloc_base               0000000180004534 f   libucrt:malloc_base.obj
 0001:00003594       strcpy_s                   0000000180004594 f   libucrt:strcpy_s.obj
 0001:00003610       strncmp                    0000000180004610 f   libucrt:strncmp.obj
 0001:00003690       abort                      0000000180004690 f   libucrt:abort.obj
 0001:000036e8       _calloc_base               00000001800046e8 f   libucrt:calloc_base.obj
 0001:00003760       wcsncmp                    0000000180004760 f   libucrt:wcsncmp.obj
 0001:0000378c       __acrt_call_reportfault    000000018000478c f   libucrt:invalid_parameter.obj
 0001:000038e8       __acrt_initialize_invalid_parameter_handler 00000001800048e8 f   libucrt:invalid_parameter.obj
 0001:000038f0       _invalid_parameter         00000001800048f0 f   libucrt:invalid_parameter.obj
 0001:000039a0       _invalid_parameter_noinfo  00000001800049a0 f   libucrt:invalid_parameter.obj
 0001:000039c0       _invoke_watson             00000001800049c0 f   libucrt:invalid_parameter.obj
 0001:00003a08       __acrt_errno_from_os_error 0000000180004a08 f   libucrt:errno.obj
 0001:00003a50       __acrt_errno_map_os_error  0000000180004a50 f   libucrt:errno.obj
 0001:00003aa0       __doserrno                 0000000180004aa0 f   libucrt:errno.obj
 0001:00003ac0       _errno                     0000000180004ac0 f   libucrt:errno.obj
 0001:00003b24       _tolower_l                 0000000180004b24 f   libucrt:tolower_toupper.obj
 0001:00003fdc       __acrt_freeptd             0000000180004fdc f   libucrt:per_thread_data.obj
 0001:00004020       __acrt_getptd              0000000180005020 f   libucrt:per_thread_data.obj
 0001:000040ec       __acrt_getptd_head         00000001800050ec f   libucrt:per_thread_data.obj
 0001:00004194       __acrt_getptd_noexit       0000000180005194 f   libucrt:per_thread_data.obj
 0001:00004264       __acrt_initialize_ptd      0000000180005264 f   libucrt:per_thread_data.obj
 0001:000042a0       __acrt_uninitialize_ptd    00000001800052a0 f   libucrt:per_thread_data.obj
 0001:000042c4       __acrt_update_locale_info  00000001800052c4 f   libucrt:locale_update.obj
 0001:000042f8       __acrt_update_multibyte_info 00000001800052f8 f   libucrt:locale_update.obj
 0001:0000439c       __acrt_set_locale_changed  000000018000539c f   libucrt:wsetlocale.obj
 0001:000043a8       __acrt_uninitialize_locale 00000001800053a8 f   libucrt:wsetlocale.obj
 0001:000043d8       __acrt_initialize_locks    00000001800053d8 f   libucrt:locks.obj
 0001:00004420       __acrt_lock                0000000180005420 f   libucrt:locks.obj
 0001:0000443c       __acrt_uninitialize_locks  000000018000543c f   libucrt:locks.obj
 0001:00004474       __acrt_unlock              0000000180005474 f   libucrt:locks.obj
 0001:00004490       __acrt_get_process_end_policy 0000000180005490 f   libucrt:win_policies.obj
 0001:00004a30       __acrt_expand_narrow_argv_wildcards 0000000180005a30 f   libucrt:argv_wildcards.obj
 0001:00005178       __acrt_initialize_multibyte 0000000180006178 f   libucrt:mbctype.obj
 0001:000051d8       __acrt_update_thread_multibyte_data 00000001800061d8 f   libucrt:mbctype.obj
 0001:000051f4       _setmbcp_nolock            00000001800061f4 f   libucrt:mbctype.obj
 0001:0000552c       _ismbblead                 000000018000652c f   libucrt:ismbbyte.obj
 0001:00005540       __acrt_initialize_command_line 0000000180006540 f   libucrt:argv_data.obj
 0001:00005568       __dcrt_get_narrow_environment_from_os 0000000180006568 f   libucrt:get_environment_from_os.obj
 0001:0000566c       _recalloc                  000000018000666c f   libucrt:recalloc.obj
 0001:00005674       _recalloc_base             0000000180006674 f   libucrt:recalloc.obj
 0001:000058e4       __acrt_AppPolicyGetProcessTerminationMethodInternal 00000001800068e4 f   libucrt:winapi_thunks.obj
 0001:00005934       __acrt_FlsAlloc            0000000180006934 f   libucrt:winapi_thunks.obj
 0001:0000597c       __acrt_FlsFree             000000018000697c f   libucrt:winapi_thunks.obj
 0001:000059c4       __acrt_FlsGetValue         00000001800069c4 f   libucrt:winapi_thunks.obj
 0001:00005a0c       __acrt_FlsSetValue         0000000180006a0c f   libucrt:winapi_thunks.obj
 0001:00005a60       __acrt_InitializeCriticalSectionEx 0000000180006a60 f   libucrt:winapi_thunks.obj
 0001:00005ac4       __acrt_LCMapStringEx       0000000180006ac4 f   libucrt:winapi_thunks.obj
 0001:00005ba0       __acrt_LocaleNameToLCID    0000000180006ba0 f   libucrt:winapi_thunks.obj
 0001:00005bf0       __acrt_initialize_winapi_thunks 0000000180006bf0 f   libucrt:winapi_thunks.obj
 0001:00005c38       __acrt_uninitialize_winapi_thunks 0000000180006c38 f   libucrt:winapi_thunks.obj
 0001:00005c7c       __acrt_initialize_heap     0000000180006c7c f   libucrt:heap_handle.obj
 0001:00005c98       __acrt_uninitialize_heap   0000000180006c98 f   libucrt:heap_handle.obj
 0001:00005e8c       __acrt_initialize_lowio    0000000180006e8c f   libucrt:ioinit.obj
 0001:00005ec8       __acrt_uninitialize_lowio  0000000180006ec8 f   libucrt:ioinit.obj
 0001:00005f08       __acrt_execute_initializers 0000000180006f08 f   libucrt:shared_initialization.obj
 0001:00005f88       __acrt_execute_uninitializers 0000000180006f88 f   libucrt:shared_initialization.obj
 0001:00005fc4       __acrt_initialize_new_handler 0000000180006fc4 f   libucrt:new_handler.obj
 0001:00005fcc       _callnewh                  0000000180006fcc f   libucrt:new_handler.obj
 0001:00005ffc       _query_new_handler         0000000180006ffc f   libucrt:new_handler.obj
 0001:00006078       __acrt_get_sigabrt_handler 0000000180007078 f   libucrt:signal.obj
 0001:000060a8       __acrt_initialize_signal_handlers 00000001800070a8 f   libucrt:signal.obj
 0001:000060c8       raise                      00000001800070c8 f   libucrt:signal.obj
 0001:0000633c       __acrt_has_user_matherr    000000018000733c f   libucrt:matherr.obj
 0001:0000635c       __acrt_initialize_user_matherr 000000018000735c f   libucrt:matherr.obj
 0001:00006364       __acrt_invoke_user_matherr 0000000180007364 f   libucrt:matherr.obj
 0001:00006578       __acrt_stdio_flush_nolock  0000000180007578 f   libucrt:fflush.obj
 0001:000065f4       _fflush_nolock             00000001800075f4 f   libucrt:fflush.obj
 0001:00006640       _flushall                  0000000180007640 f   libucrt:fflush.obj
 0001:00006648       __acrt_initialize_stdio    0000000180007648 f   libucrt:_file.obj
 0001:00006768       __acrt_uninitialize_stdio  0000000180007768 f   libucrt:_file.obj
 0001:000067c4       _lock_file                 00000001800077c4 f   libucrt:_file.obj
 0001:000067d0       _unlock_file               00000001800077d0 f   libucrt:_file.obj
 0001:000067dc       _query_new_mode            00000001800077dc f   libucrt:new_mode.obj
 0001:000067e4       _mbtowc_l                  00000001800077e4 f   libucrt:mbtowc.obj
 0001:0000692c       mbtowc                     000000018000792c f   libucrt:mbtowc.obj
 0001:00006934       _fileno                    0000000180007934 f   libucrt:fileno.obj
 0001:0000695c       __pctype_func              000000018000795c f   libucrt:ctype.obj
 0001:0000698c       _isctype_l                 000000018000798c f   libucrt:isctype.obj
 0001:00006a9c       _isleadbyte_l              0000000180007a9c f i libucrt:_wctype.obj
 0001:00006df4       __acrt_LCMapStringA        0000000180007df4 f   libucrt:lcmapstringa.obj
 0001:00006e8c       __acrt_add_locale_ref      0000000180007e8c f   libucrt:locale_refcounting.obj
 0001:00006f18       __acrt_free_locale         0000000180007f18 f   libucrt:locale_refcounting.obj
 0001:00007090       __acrt_locale_add_lc_time_reference 0000000180008090 f   libucrt:locale_refcounting.obj
 0001:000070b8       __acrt_locale_free_lc_time_if_unreferenced 00000001800080b8 f   libucrt:locale_refcounting.obj
 0001:000070f0       __acrt_locale_release_lc_time_reference 00000001800080f0 f   libucrt:locale_refcounting.obj
 0001:00007118       __acrt_release_locale_ref  0000000180008118 f   libucrt:locale_refcounting.obj
 0001:000071c0       __acrt_update_thread_locale_data 00000001800081c0 f   libucrt:locale_refcounting.obj
 0001:00007230       _updatetlocinfoEx_nolock   0000000180008230 f   libucrt:locale_refcounting.obj
 0001:00007298       __acrt_locale_free_monetary 0000000180008298 f   libucrt:initmon.obj
 0001:000073a4       __acrt_locale_free_numeric 00000001800083a4 f   libucrt:initnum.obj
 0001:00007464       __acrt_locale_free_time    0000000180008464 f   libucrt:inittime.obj
 0001:0000756c       __acrt_GetStringTypeA      000000018000856c f   libucrt:getstringtypea.obj
 0001:00007700       qsort                      0000000180008700 f   libucrt:qsort.obj
 0001:00007ab0       strncpy_s                  0000000180008ab0 f   libucrt:strncpy_s.obj
 0001:00007c30       strpbrk                    0000000180008c30 f   libucrt:strpbrk.obj
 0001:00008010       _mbsdec                    0000000180009010 f   libucrt:mbsdec.obj
 0001:00008018       _mbsdec_l                  0000000180009018 f   libucrt:mbsdec.obj
 0001:000080c0       _msize                     00000001800090c0 f   libucrt:msize.obj
 0001:000080c8       _msize_base                00000001800090c8 f   libucrt:msize.obj
 0001:00008104       _realloc_base              0000000180009104 f   libucrt:realloc_base.obj
 0001:0000824c       __acrt_DownlevelLocaleNameToLCID 000000018000924c f   libucrt:lcidtoname_downlevel.obj
 0001:00008280       __acrt_lowio_create_handle_array 0000000180009280 f   libucrt:osfinfo.obj
 0001:00008318       __acrt_lowio_destroy_handle_array 0000000180009318 f   libucrt:osfinfo.obj
 0001:00008368       __acrt_lowio_ensure_fh_exists 0000000180009368 f   libucrt:osfinfo.obj
 0001:00008410       __acrt_lowio_lock_fh       0000000180009410 f   libucrt:osfinfo.obj
 0001:00008434       __acrt_lowio_unlock_fh     0000000180009434 f   libucrt:osfinfo.obj
 0001:00008458       _free_osfhnd               0000000180009458 f   libucrt:osfinfo.obj
 0001:00008514       _get_osfhandle             0000000180009514 f   libucrt:osfinfo.obj
 0001:00008618       _commit                    0000000180009618 f   libucrt:commit.obj
 0001:00008c64       _write                     0000000180009c64 f   libucrt:write.obj
 0001:00008d50       _write_nolock              0000000180009d50 f   libucrt:write.obj
 0001:00009094       _fcloseall                 000000018000a094 f   libucrt:closeall.obj
 0001:00009148       __acrt_stdio_free_buffer_nolock 000000018000a148 f   libucrt:_freebuf.obj
 0001:00009188       _isatty                    000000018000a188 f   libucrt:isatty.obj
 0001:000091e8       __acrt_MultiByteToWideChar 000000018000a1e8 f   libucrt:multibytetowidechar.obj
 0001:000091f0       __strncnt                  000000018000a1f0 f   libucrt:strncnt.obj
 0001:00009208       _query_app_type            000000018000a208 f   libucrt:report_runtime_error.obj
 0001:000092ac       _lseeki64_nolock           000000018000a2ac f   libucrt:lseek.obj
 0001:000092b4       _putwch_nolock             000000018000a2b4 f   libucrt:putwch.obj
 0001:000092f0       _fclose_nolock             000000018000a2f0 f   libucrt:fclose.obj
 0001:00009374       fclose                     000000018000a374 f   libucrt:fclose.obj
 0001:000093e0       log10                      000000018000a3e0 f   libucrt:log10.obj
 0001:0000998c       __dcrt_lowio_ensure_console_output_initialized 000000018000a98c f   libucrt:initcon.obj
 0001:000099e0       __dcrt_terminate_console_output 000000018000a9e0 f   libucrt:initcon.obj
 0001:000099fc       __dcrt_write_console_w     000000018000a9fc f   libucrt:initcon.obj
 0001:00009b30       _close                     000000018000ab30 f   libucrt:close.obj
 0001:00009bd4       _close_nolock              000000018000abd4 f   libucrt:close.obj
 0001:00009c90       ?__acrt_stdio_free_stream@@YAXV__crt_stdio_stream@@@Z 000000018000ac90 f   libucrt:stream.obj
 0001:00009dd0       _handle_error              000000018000add0 f   libucrt:libm_error.obj
 0001:00009f00       __acrt_initialize_fma3     000000018000af00 f   libucrt:fma3_available.obj
 0001:00009f70       _log10_special             000000018000af70 f   libucrt:log_special.obj
 0001:0000a040       _get_fpsr                  000000018000b040 f   libucrt:fpsr.obj
 0001:0000a050       _set_fpsr                  000000018000b050 f   libucrt:fpsr.obj
 0001:0000a05a       _fclrf                     000000018000b05a f   libucrt:fpsr.obj
 0001:0000a06e       _frnd                      000000018000b06e f   libucrt:fpsr.obj
 0001:0000a090       _raise_exc                 000000018000b090 f   libucrt:fpexcept.obj
 0001:0000a0b8       _raise_exc_ex              000000018000b0b8 f   libucrt:fpexcept.obj
 0001:0000a3c0       _set_errno_from_matherr    000000018000b3c0 f   libucrt:fpexcept.obj
 0001:0000a3f0       _clrfp                     000000018000b3f0 f   libucrt:fpctrl.obj
 0001:0000a410       _ctrlfp                    000000018000b410 f   libucrt:fpctrl.obj
 0001:0000a48c       _set_statfp                000000018000b48c f   libucrt:fpctrl.obj
 0001:0000a4ac       _statfp                    000000018000b4ac f   libucrt:fpctrl.obj
 0001:0000a4bd       IsProcessorFeaturePresent  000000018000b4bd f   kernel32:KERNEL32.dll
 0001:0000a4c3       RtlUnwindEx                000000018000b4c3 f   kernel32:KERNEL32.dll
 0001:0000a4cc       ?DloadAcquireSectionWriteAccess@@YAXXZ 000000018000b4cc f i DelayImp:delayhlp.obj
 0001:0000a588       ?DloadGetSRWLockFunctionPointers@@YAEXZ 000000018000b588 f i DelayImp:delayhlp.obj
 0001:0000a624       ?DloadMakePermanentImageCommit@@YAXPEAX_K@Z 000000018000b624 f i DelayImp:delayhlp.obj
 0001:0000a6bc       ?DloadObtainSection@@YAPEAXPEAK0@Z 000000018000b6bc f i DelayImp:delayhlp.obj
 0001:0000a750       ?DloadProtectSection@@YAXKPEAK@Z 000000018000b750 f i DelayImp:delayhlp.obj
 0001:0000a7e0       ?DloadReleaseSectionWriteAccess@@YAXXZ 000000018000b7e0 f i DelayImp:delayhlp.obj
 0001:0000a884       __delayLoadHelper2         000000018000b884 f   DelayImp:delayhlp.obj
 0001:0000ab80       _FindPESection             000000018000bb80 f   LIBCMT:pesect.obj
 0001:0000abd0       _IsNonwritableInCurrentImage 000000018000bbd0 f   LIBCMT:pesect.obj
 0001:0000ac20       _ValidateImageBase         000000018000bc20 f   LIBCMT:pesect.obj
 0001:0000ac50       __GSHandlerCheck           000000018000bc50 f   LIBCMT:_gshandler_.obj
 0001:0000ac70       __GSHandlerCheckCommon     000000018000bc70 f   LIBCMT:_gshandler_.obj
 0001:0000ace0       _alloca_probe              000000018000bce0 f   LIBCMT:_chkstk_.obj
 0001:0000ace0       __chkstk                   000000018000bce0 f   LIBCMT:_chkstk_.obj
 0001:0000ad50       memcmp                     000000018000bd50 f   libvcruntime:memcmp.obj
 0001:0000ae30       _guard_dispatch_icall_nop  000000018000be30 f   LIBCMT:_guard_dispatch_.obj
 0001:0000ae50       __guard_ss_verify_failure  000000018000be50 f   LIBCMT:_rfgfailure_.obj
 0001:0000ae5b       __guard_ss_verify_failure_rcx 000000018000be5b     LIBCMT:_rfgfailure_.obj
 0001:0000ae61       __guard_ss_verify_failure_rdx 000000018000be61     LIBCMT:_rfgfailure_.obj
 0001:0000ae67       __guard_ss_verify_failure_r8 000000018000be67     LIBCMT:_rfgfailure_.obj
 0001:0000ae6d       __guard_ss_verify_failure_r9 000000018000be6d     LIBCMT:_rfgfailure_.obj
 0001:0000ae73       __guard_ss_verify_failure_r10 000000018000be73     LIBCMT:_rfgfailure_.obj
 0001:0000ae80       __guard_ss_verify_failure_default 000000018000be80 f   LIBCMT:_rfgfailure_.obj
 0001:0000aee0       __guard_ss_verify_sp       000000018000bee0 f   LIBCMT:_rfgfailure_.obj
 0001:0000aef0       __guard_ss_verify_sp_default 000000018000bef0 f   LIBCMT:_rfgfailure_.obj
 0002:00000000       __imp_GetModuleHandleA     000000018000d000     kernel32:KERNEL32.dll
 0002:00000008       __imp_VirtualQuery         000000018000d008     kernel32:KERNEL32.dll
 0002:00000010       __imp_RtlCaptureContext    000000018000d010     kernel32:KERNEL32.dll
 0002:00000018       __imp_RtlLookupFunctionEntry 000000018000d018     kernel32:KERNEL32.dll
 0002:00000020       __imp_RtlVirtualUnwind     000000018000d020     kernel32:KERNEL32.dll
 0002:00000028       __imp_UnhandledExceptionFilter 000000018000d028     kernel32:KERNEL32.dll
 0002:00000030       __imp_SetUnhandledExceptionFilter 000000018000d030     kernel32:KERNEL32.dll
 0002:00000038       __imp_GetCurrentProcess    000000018000d038     kernel32:KERNEL32.dll
 0002:00000040       __imp_TerminateProcess     000000018000d040     kernel32:KERNEL32.dll
 0002:00000048       __imp_IsProcessorFeaturePresent 000000018000d048     kernel32:KERNEL32.dll
 0002:00000050       __imp_QueryPerformanceCounter 000000018000d050     kernel32:KERNEL32.dll
 0002:00000058       __imp_GetCurrentProcessId  000000018000d058     kernel32:KERNEL32.dll
 0002:00000060       __imp_GetCurrentThreadId   000000018000d060     kernel32:KERNEL32.dll
 0002:00000068       __imp_GetSystemTimeAsFileTime 000000018000d068     kernel32:KERNEL32.dll
 0002:00000070       __imp_InitializeSListHead  000000018000d070     kernel32:KERNEL32.dll
 0002:00000078       __imp_IsDebuggerPresent    000000018000d078     kernel32:KERNEL32.dll
 0002:00000080       __imp_GetStartupInfoW      000000018000d080     kernel32:KERNEL32.dll
 0002:00000088       __imp_GetModuleHandleW     000000018000d088     kernel32:KERNEL32.dll
 0002:00000090       __imp_RtlUnwindEx          000000018000d090     kernel32:KERNEL32.dll
 0002:00000098       __imp_InterlockedFlushSList 000000018000d098     kernel32:KERNEL32.dll
 0002:000000a0       __imp_GetLastError         000000018000d0a0     kernel32:KERNEL32.dll
 0002:000000a8       __imp_SetLastError         000000018000d0a8     kernel32:KERNEL32.dll
 0002:000000b0       __imp_EnterCriticalSection 000000018000d0b0     kernel32:KERNEL32.dll
 0002:000000b8       __imp_LeaveCriticalSection 000000018000d0b8     kernel32:KERNEL32.dll
 0002:000000c0       __imp_DeleteCriticalSection 000000018000d0c0     kernel32:KERNEL32.dll
 0002:000000c8       __imp_InitializeCriticalSectionAndSpinCount 000000018000d0c8     kernel32:KERNEL32.dll
 0002:000000d0       __imp_TlsAlloc             000000018000d0d0     kernel32:KERNEL32.dll
 0002:000000d8       __imp_TlsGetValue          000000018000d0d8     kernel32:KERNEL32.dll
 0002:000000e0       __imp_TlsSetValue          000000018000d0e0     kernel32:KERNEL32.dll
 0002:000000e8       __imp_TlsFree              000000018000d0e8     kernel32:KERNEL32.dll
 0002:000000f0       __imp_FreeLibrary          000000018000d0f0     kernel32:KERNEL32.dll
 0002:000000f8       __imp_GetProcAddress       000000018000d0f8     kernel32:KERNEL32.dll
 0002:00000100       __imp_LoadLibraryExW       000000018000d100     kernel32:KERNEL32.dll
 0002:00000108       __imp_RaiseException       000000018000d108     kernel32:KERNEL32.dll
 0002:00000110       __imp_ExitProcess          000000018000d110     kernel32:KERNEL32.dll
 0002:00000118       __imp_GetModuleHandleExW   000000018000d118     kernel32:KERNEL32.dll
 0002:00000120       __imp_GetModuleFileNameA   000000018000d120     kernel32:KERNEL32.dll
 0002:00000128       __imp_MultiByteToWideChar  000000018000d128     kernel32:KERNEL32.dll
 0002:00000130       __imp_WideCharToMultiByte  000000018000d130     kernel32:KERNEL32.dll
 0002:00000138       __imp_HeapFree             000000018000d138     kernel32:KERNEL32.dll
 0002:00000140       __imp_HeapAlloc            000000018000d140     kernel32:KERNEL32.dll
 0002:00000148       __imp_GetACP               000000018000d148     kernel32:KERNEL32.dll
 0002:00000150       __imp_FindClose            000000018000d150     kernel32:KERNEL32.dll
 0002:00000158       __imp_FindFirstFileExA     000000018000d158     kernel32:KERNEL32.dll
 0002:00000160       __imp_FindNextFileA        000000018000d160     kernel32:KERNEL32.dll
 0002:00000168       __imp_IsValidCodePage      000000018000d168     kernel32:KERNEL32.dll
 0002:00000170       __imp_GetOEMCP             000000018000d170     kernel32:KERNEL32.dll
 0002:00000178       __imp_GetCPInfo            000000018000d178     kernel32:KERNEL32.dll
 0002:00000180       __imp_GetCommandLineA      000000018000d180     kernel32:KERNEL32.dll
 0002:00000188       __imp_GetCommandLineW      000000018000d188     kernel32:KERNEL32.dll
 0002:00000190       __imp_GetEnvironmentStringsW 000000018000d190     kernel32:KERNEL32.dll
 0002:00000198       __imp_FreeEnvironmentStringsW 000000018000d198     kernel32:KERNEL32.dll
 0002:000001a0       __imp_LCMapStringW         000000018000d1a0     kernel32:KERNEL32.dll
 0002:000001a8       __imp_GetProcessHeap       000000018000d1a8     kernel32:KERNEL32.dll
 0002:000001b0       __imp_GetStdHandle         000000018000d1b0     kernel32:KERNEL32.dll
 0002:000001b8       __imp_GetFileType          000000018000d1b8     kernel32:KERNEL32.dll
 0002:000001c0       __imp_GetStringTypeW       000000018000d1c0     kernel32:KERNEL32.dll
 0002:000001c8       __imp_HeapSize             000000018000d1c8     kernel32:KERNEL32.dll
 0002:000001d0       __imp_HeapReAlloc          000000018000d1d0     kernel32:KERNEL32.dll
 0002:000001d8       __imp_SetStdHandle         000000018000d1d8     kernel32:KERNEL32.dll
 0002:000001e0       __imp_FlushFileBuffers     000000018000d1e0     kernel32:KERNEL32.dll
 0002:000001e8       __imp_WriteFile            000000018000d1e8     kernel32:KERNEL32.dll
 0002:000001f0       __imp_GetConsoleCP         000000018000d1f0     kernel32:KERNEL32.dll
 0002:000001f8       __imp_GetConsoleMode       000000018000d1f8     kernel32:KERNEL32.dll
 0002:00000200       __imp_SetFilePointerEx     000000018000d200     kernel32:KERNEL32.dll
 0002:00000208       __imp_CreateFileW          000000018000d208     kernel32:KERNEL32.dll
 0002:00000210       __imp_CloseHandle          000000018000d210     kernel32:KERNEL32.dll
 0002:00000218       __imp_WriteConsoleW        000000018000d218     kernel32:KERNEL32.dll
 0002:00000220       __imp_GetSystemInfo        000000018000d220     kernel32:KERNEL32.dll
 0002:00000228       __imp_VirtualProtect       000000018000d228     kernel32:KERNEL32.dll
 0002:00000230       __imp_LoadLibraryExA       000000018000d230     kernel32:KERNEL32.dll
 0002:00000238       \177KERNEL32_NULL_THUNK_DATA 000000018000d238     kernel32:KERNEL32.dll
 0002:00000240       __guard_check_icall_fptr   000000018000d240     LIBCMT:guard_support.obj
 0002:00000248       __guard_dispatch_icall_fptr 000000018000d248     LIBCMT:guard_support.obj
 0002:00000250       __guard_ss_verify_failure_fptr 000000018000d250     LIBCMT:guard_support.obj
 0002:00000258       __guard_ss_verify_sp_fptr  000000018000d258     LIBCMT:guard_support.obj
 0002:00000260       __xc_a                     000000018000d260     LIBCMT:initializers.obj
 0002:00000268       _register_hello_           000000018000d268     native.obj
 0002:00000270       __xc_z                     000000018000d270     LIBCMT:initializers.obj
 0002:00000278       __xi_a                     000000018000d278     LIBCMT:initializers.obj
 0002:00000280       __acrt_multibyte_initializer 000000018000d280     libucrt:multibyte_initializer.obj
 0002:00000288       __acrt_stdio_initializer   000000018000d288     libucrt:stdio_initializer.obj
 0002:00000290       __acrt_tran_fma3_initializer 000000018000d290     libucrt:fma3_initializer.obj
 0002:00000298       __xi_z                     000000018000d298     LIBCMT:initializers.obj
 0002:000002a0       __xp_a                     000000018000d2a0     LIBCMT:initializers.obj
 0002:000002a8       __acrt_locale_terminator   000000018000d2a8     libucrt:locale_initializer.obj
 0002:000002b0       __dcrt_console_output_terminator 000000018000d2b0     libucrt:console_output_initializer.obj
 0002:000002b8       __acrt_stdio_terminator    000000018000d2b8     libucrt:stdio_initializer.obj
 0002:000002c0       __xp_z                     000000018000d2c0     LIBCMT:initializers.obj
 0002:000002c8       __xt_a                     000000018000d2c8     LIBCMT:initializers.obj
 0002:000002d0       __xt_z                     000000018000d2d0     LIBCMT:initializers.obj
 0002:000002e0       __sz_node_exe              000000018000d2e0     node:node.exe
 0002:000002f0       _pDefaultRawDllMain        000000018000d2f0     LIBCMT:dll_dllmain.obj
 0002:000002f0       _pRawDllMain               000000018000d2f0     LIBCMT:dll_dllmain.obj
 0002:00000638       ??_C@_08EHJDFFNH@__based?$CI?$AA@ 000000018000d638     libvcruntime:undname.obj
 0002:00000648       ??_C@_07KOLFKCDI@__cdecl?$AA@ 000000018000d648     libvcruntime:undname.obj
 0002:00000650       ??_C@_08GHMPAG@__pascal?$AA@ 000000018000d650     libvcruntime:undname.obj
 0002:00000660       ??_C@_09IFJBGAPI@__stdcall?$AA@ 000000018000d660     libvcruntime:undname.obj
 0002:00000670       ??_C@_0L@NPHFGOKO@__thiscall?$AA@ 000000018000d670     libvcruntime:undname.obj
 0002:00000680       ??_C@_0L@JMKHOMEK@__fastcall?$AA@ 000000018000d680     libvcruntime:undname.obj
 0002:00000690       ??_C@_0N@BCKKPABJ@__vectorcall?$AA@ 000000018000d690     libvcruntime:undname.obj
 0002:000006a0       ??_C@_09HIJEGCPM@__clrcall?$AA@ 000000018000d6a0     libvcruntime:undname.obj
 0002:000006ac       ??_C@_06GHPCKEAG@__eabi?$AA@ 000000018000d6ac     libvcruntime:undname.obj
 0002:000006b8       ??_C@_07JOMMBBKO@__ptr64?$AA@ 000000018000d6b8     libvcruntime:undname.obj
 0002:000006c0       ??_C@_0L@PILCLIHE@__restrict?$AA@ 000000018000d6c0     libvcruntime:undname.obj
 0002:000006d0       ??_C@_0M@GFIIJFMG@__unaligned?$AA@ 000000018000d6d0     libvcruntime:undname.obj
 0002:000006e0       ??_C@_09DHDLOLLB@restrict?$CI?$AA@ 000000018000d6e0     libvcruntime:undname.obj
 0002:000006ea       ??_C@_00CNPNBAHC@?$AA@     000000018000d6ea     libvcruntime:undname.obj
 0002:000006ec       ??_C@_04NIHEBCM@?5new?$AA@ 000000018000d6ec     libvcruntime:undname.obj
 0002:000006f8       ??_C@_07FPCDHGMM@?5delete?$AA@ 000000018000d6f8     libvcruntime:undname.obj
 0002:00000700       ??_C@_01NEMOKFLO@?$DN?$AA@ 000000018000d700     libvcruntime:undname.obj
 0002:00000704       ??_C@_02GPIOPFAK@?$DO?$DO?$AA@ 000000018000d704     libvcruntime:undname.obj
 0002:00000708       ??_C@_02FODMEDOG@?$DM?$DM?$AA@ 000000018000d708     libvcruntime:undname.obj
 0002:0000070c       ??_C@_01DCLJPIOD@?$CB?$AA@ 000000018000d70c     libvcruntime:undname.obj
 0002:00000710       ??_C@_02EGOFBIJA@?$DN?$DN?$AA@ 000000018000d710     libvcruntime:undname.obj
 0002:00000714       ??_C@_02FDNJECIE@?$CB?$DN?$AA@ 000000018000d714     libvcruntime:undname.obj
 0002:00000718       ??_C@_02GPECMEKF@?$FL?$FN?$AA@ 000000018000d718     libvcruntime:undname.obj
 0002:00000720       ??_C@_08LHJFAFGD@operator?$AA@ 000000018000d720     libvcruntime:undname.obj
 0002:0000072c       ??_C@_02HBOOOICD@?9?$DO?$AA@ 000000018000d72c     libvcruntime:undname.obj
 0002:00000730       ??_C@_01NBENCBCI@?$CK?$AA@ 000000018000d730     libvcruntime:undname.obj
 0002:00000734       ??_C@_02ECNGHCIF@?$CL?$CL?$AA@ 000000018000d734     libvcruntime:undname.obj
 0002:00000738       ??_C@_02BAABKJLB@?9?9?$AA@ 000000018000d738     libvcruntime:undname.obj
 0002:0000073c       ??_C@_01JOAMLHOP@?9?$AA@   000000018000d73c     libvcruntime:undname.obj
 0002:00000740       ??_C@_01MIFGBAGJ@?$CL?$AA@ 000000018000d740     libvcruntime:undname.obj
 0002:00000744       ??_C@_01HNPIGOCE@?$CG?$AA@ 000000018000d744     libvcruntime:undname.obj
 0002:00000748       ??_C@_03MNHNFDLC@?9?$DO?$CK?$AA@ 000000018000d748     libvcruntime:undname.obj
 0002:0000074c       ??_C@_01KMDKNFGN@?1?$AA@   000000018000d74c     libvcruntime:undname.obj
 0002:00000750       ??_C@_01FGNFDNOH@?$CF?$AA@ 000000018000d750     libvcruntime:undname.obj
 0002:00000754       ??_C@_01MNNFJEPP@?$DM?$AA@ 000000018000d754     libvcruntime:undname.obj
 0002:00000758       ??_C@_02EHCHHCKH@?$DM?$DN?$AA@ 000000018000d758     libvcruntime:undname.obj
 0002:0000075c       ??_C@_01PPODPGHN@?$DO?$AA@ 000000018000d75c     libvcruntime:undname.obj
 0002:00000760       ??_C@_02EEKDKGMJ@?$DO?$DN?$AA@ 000000018000d760     libvcruntime:undname.obj
 0002:00000764       ??_C@_01IHBHIGKO@?0?$AA@   000000018000d764     libvcruntime:undname.obj
 0002:00000768       ??_C@_02HCKGKOFO@?$CI?$CJ?$AA@ 000000018000d768     libvcruntime:undname.obj
 0002:0000076c       ??_C@_01PJKLJHI@?$HO?$AA@  000000018000d76c     libvcruntime:undname.obj
 0002:00000770       ??_C@_01JKBOJNNK@?$FO?$AA@ 000000018000d770     libvcruntime:undname.obj
 0002:00000774       ??_C@_01DNKMNLPK@?$HM?$AA@ 000000018000d774     libvcruntime:undname.obj
 0002:00000778       ??_C@_02PPKAJPJL@?$CG?$CG?$AA@ 000000018000d778     libvcruntime:undname.obj
 0002:0000077c       ??_C@_02NONPIBCD@?$HM?$HM?$AA@ 000000018000d77c     libvcruntime:undname.obj
 0002:00000780       ??_C@_02FPIMKNGF@?$CK?$DN?$AA@ 000000018000d780     libvcruntime:undname.obj
 0002:00000784       ??_C@_02FOEOMHFC@?$CL?$DN?$AA@ 000000018000d784     libvcruntime:undname.obj
 0002:00000788       ??_C@_02FKMDLLOA@?9?$DN?$AA@ 000000018000d788     libvcruntime:undname.obj
 0002:0000078c       ??_C@_02FJEHGPIO@?1?$DN?$AA@ 000000018000d78c     libvcruntime:undname.obj
 0002:00000790       ??_C@_02FENAOKFI@?$CF?$DN?$AA@ 000000018000d790     libvcruntime:undname.obj
 0002:00000794       ??_C@_03IKFCCPFF@?$DO?$DO?$DN?$AA@ 000000018000d794     libvcruntime:undname.obj
 0002:00000798       ??_C@_03CDNPDDLA@?$DM?$DM?$DN?$AA@ 000000018000d798     libvcruntime:undname.obj
 0002:0000079c       ??_C@_02FGJGFEAB@?$CG?$DN?$AA@ 000000018000d79c     libvcruntime:undname.obj
 0002:000007a0       ??_C@_02DHLNPPGH@?$HM?$DN?$AA@ 000000018000d7a0     libvcruntime:undname.obj
 0002:000007a4       ??_C@_02MHEGNOJ@?$FO?$DN?$AA@ 000000018000d7a4     libvcruntime:undname.obj
 0002:000007a8       ??_C@_09IFPLHPGF@?$GAvftable?8?$AA@ 000000018000d7a8     libvcruntime:undname.obj
 0002:000007b8       ??_C@_09BLBHBJP@?$GAvbtable?8?$AA@ 000000018000d7b8     libvcruntime:undname.obj
 0002:000007c8       ??_C@_07FEEIOKP@?$GAvcall?8?$AA@ 000000018000d7c8     libvcruntime:undname.obj
 0002:000007d0       ??_C@_08LLFFHHDJ@?$GAtypeof?8?$AA@ 000000018000d7d0     libvcruntime:undname.obj
 0002:000007e0       ??_C@_0BF@KDPPACIK@?$GAlocal?5static?5guard?8?$AA@ 000000018000d7e0     libvcruntime:undname.obj
 0002:000007f8       ??_C@_08OBABFOLI@?$GAstring?8?$AA@ 000000018000d7f8     libvcruntime:undname.obj
 0002:00000808       ??_C@_0BD@JDLKDPAB@?$GAvbase?5destructor?8?$AA@ 000000018000d808     libvcruntime:undname.obj
 0002:00000820       ??_C@_0BN@DEGPLNFK@?$GAvector?5deleting?5destructor?8?$AA@ 000000018000d820     libvcruntime:undname.obj
 0002:00000840       ??_C@_0BO@OBMKPJIG@?$GAdefault?5constructor?5closure?8?$AA@ 000000018000d840     libvcruntime:undname.obj
 0002:00000860       ??_C@_0BN@IMDCHIKM@?$GAscalar?5deleting?5destructor?8?$AA@ 000000018000d860     libvcruntime:undname.obj
 0002:00000880       ??_C@_0BO@PFGOCPJJ@?$GAvector?5constructor?5iterator?8?$AA@ 000000018000d880     libvcruntime:undname.obj
 0002:000008a0       ??_C@_0BN@LFPFMEDL@?$GAvector?5destructor?5iterator?8?$AA@ 000000018000d8a0     libvcruntime:undname.obj
 0002:000008c0       ??_C@_0CE@IKBNEHA@?$GAvector?5vbase?5constructor?5iterat@ 000000018000d8c0     libvcruntime:undname.obj
 0002:000008e8       ??_C@_0BL@NILFHHPC@?$GAvirtual?5displacement?5map?8?$AA@ 000000018000d8e8     libvcruntime:undname.obj
 0002:00000908       ??_C@_0CB@JONCMFFK@?$GAeh?5vector?5constructor?5iterator?8@ 000000018000d908     libvcruntime:undname.obj
 0002:00000930       ??_C@_0CA@GCEOPDGL@?$GAeh?5vector?5destructor?5iterator?8?$AA@ 000000018000d930     libvcruntime:undname.obj
 0002:00000950       ??_C@_0CH@OOJPLCPH@?$GAeh?5vector?5vbase?5constructor?5ite@ 000000018000d950     libvcruntime:undname.obj
 0002:00000978       ??_C@_0BL@LLKPOHJI@?$GAcopy?5constructor?5closure?8?$AA@ 000000018000d978     libvcruntime:undname.obj
 0002:00000998       ??_C@_0BA@KBCDOMBN@?$GAudt?5returning?8?$AA@ 000000018000d998     libvcruntime:undname.obj
 0002:000009a8       ??_C@_03KLGMFNMG@?$GAEH?$AA@ 000000018000d9a8     libvcruntime:undname.obj
 0002:000009ac       ??_C@_05KHLCHHI@?$GARTTI?$AA@ 000000018000d9ac     libvcruntime:undname.obj
 0002:000009b8       ??_C@_0BA@KKLDJDLB@?$GAlocal?5vftable?8?$AA@ 000000018000d9b8     libvcruntime:undname.obj
 0002:000009c8       ??_C@_0CE@IIHCMGGL@?$GAlocal?5vftable?5constructor?5closu@ 000000018000d9c8     libvcruntime:undname.obj
 0002:000009ec       ??_C@_06FHBGPFGH@?5new?$FL?$FN?$AA@ 000000018000d9ec     libvcruntime:undname.obj
 0002:000009f8       ??_C@_09LBNFPBCA@?5delete?$FL?$FN?$AA@ 000000018000d9f8     libvcruntime:undname.obj
 0002:00000a08       ??_C@_0P@HJKNJFNN@?$GAomni?5callsig?8?$AA@ 000000018000da08     libvcruntime:undname.obj
 0002:00000a18       ??_C@_0BL@CNOONJFP@?$GAplacement?5delete?5closure?8?$AA@ 000000018000da18     libvcruntime:undname.obj
 0002:00000a38       ??_C@_0BN@CKNJLHMB@?$GAplacement?5delete?$FL?$FN?5closure?8?$AA@ 000000018000da38     libvcruntime:undname.obj
 0002:00000a58       ??_C@_0CG@CFDHKGGD@?$GAmanaged?5vector?5constructor?5iter@ 000000018000da58     libvcruntime:undname.obj
 0002:00000a80       ??_C@_0CF@IMGKMJNO@?$GAmanaged?5vector?5destructor?5itera@ 000000018000da80     libvcruntime:undname.obj
 0002:00000aa8       ??_C@_0CG@HLDDJMAG@?$GAeh?5vector?5copy?5constructor?5iter@ 000000018000daa8     libvcruntime:undname.obj
 0002:00000ad0       ??_C@_0CM@FCBBDIGB@?$GAeh?5vector?5vbase?5copy?5constructo@ 000000018000dad0     libvcruntime:undname.obj
 0002:00000b00       ??_C@_0BL@CLIPGLGB@?$GAdynamic?5initializer?5for?5?8?$AA@ 000000018000db00     libvcruntime:undname.obj
 0002:00000b20       ??_C@_0CB@PDBIFEP@?$GAdynamic?5atexit?5destructor?5for?5?8@ 000000018000db20     libvcruntime:undname.obj
 0002:00000b48       ??_C@_0CD@CGAJBKEJ@?$GAvector?5copy?5constructor?5iterato@ 000000018000db48     libvcruntime:undname.obj
 0002:00000b70       ??_C@_0CJ@GJELGAMM@?$GAvector?5vbase?5copy?5constructor?5i@ 000000018000db70     libvcruntime:undname.obj
 0002:00000ba0       ??_C@_0CL@FGIJHLCE@?$GAmanaged?5vector?5copy?5constructor@ 000000018000dba0     libvcruntime:undname.obj
 0002:00000bd0       ??_C@_0BM@PMGGMLDN@?$GAlocal?5static?5thread?5guard?8?$AA@ 000000018000dbd0     libvcruntime:undname.obj
 0002:00000bf0       ??_C@_0N@BDNMDMOL@operator?5?$CC?$CC?5?$AA@ 000000018000dbf0     libvcruntime:undname.obj
 0002:00000c00       ??_C@_0BC@GGEBGALA@operator?5co_await?$AA@ 000000018000dc00     libvcruntime:undname.obj
 0002:00000c18       ??_C@_0BC@DAFEJGAK@?5Type?5Descriptor?8?$AA@ 000000018000dc18     libvcruntime:undname.obj
 0002:00000c30       ??_C@_0BM@LDKODKLH@?5Base?5Class?5Descriptor?5at?5?$CI?$AA@ 000000018000dc30     libvcruntime:undname.obj
 0002:00000c50       ??_C@_0BD@LGICGFMM@?5Base?5Class?5Array?8?$AA@ 000000018000dc50     libvcruntime:undname.obj
 0002:00000c68       ??_C@_0BN@MECKDCOJ@?5Class?5Hierarchy?5Descriptor?8?$AA@ 000000018000dc68     libvcruntime:undname.obj
 0002:00000c88       ??_C@_0BK@CFCOFLF@?5Complete?5Object?5Locator?8?$AA@ 000000018000dc88     libvcruntime:undname.obj
 0002:00000cc0       ??_C@_1DM@KHCHBNEB@?$AAa?$AAp?$AAi?$AA?9?$AAm?$AAs?$AA?9?$AAw?$AAi?$AAn?$AA?9?$AAc?$AAo?$AAr?$AAe?$AA?9?$AAf?$AAi?$AAb?$AAe?$AAr?$AAs?$AA?9?$AAl?$AA1?$AA?9?$AA1?$AA?9?$AA1?$AA?$AA@ 000000018000dcc0     libvcruntime:winapi_downlevel.obj
 0002:00000d00       ??_C@_1DK@LPPGFMPP@?$AAa?$AAp?$AAi?$AA?9?$AAm?$AAs?$AA?9?$AAw?$AAi?$AAn?$AA?9?$AAc?$AAo?$AAr?$AAe?$AA?9?$AAs?$AAy?$AAn?$AAc?$AAh?$AA?9?$AAl?$AA1?$AA?9?$AA2?$AA?9?$AA0?$AA?$AA@ 000000018000dd00     libvcruntime:winapi_downlevel.obj
 0002:00000d40       ??_C@_1BC@GDMECMAK@?$AAk?$AAe?$AAr?$AAn?$AAe?$AAl?$AA3?$AA2?$AA?$AA@ 000000018000dd40     libvcruntime:winapi_downlevel.obj
 0002:00000d58       ??_C@_1BA@PFFKHIOG@?$AAa?$AAp?$AAi?$AA?9?$AAm?$AAs?$AA?9?$AA?$AA@ 000000018000dd58     libvcruntime:winapi_downlevel.obj
 0002:00000d68       ??_C@_1BA@IAIFMGEF@?$AAe?$AAx?$AAt?$AA?9?$AAm?$AAs?$AA?9?$AA?$AA@ 000000018000dd68     libvcruntime:winapi_downlevel.obj
 0002:00000d80       ??_C@_08KNHFBNJ@FlsAlloc?$AA@ 000000018000dd80     libvcruntime:winapi_downlevel.obj
 0002:00000d98       ??_C@_07PEJMOBNF@FlsFree?$AA@ 000000018000dd98     libvcruntime:winapi_downlevel.obj
 0002:00000da8       ??_C@_0M@GDNOONDI@FlsGetValue?$AA@ 000000018000dda8     libvcruntime:winapi_downlevel.obj
 0002:00000dc0       ??_C@_0M@JCPCPOEF@FlsSetValue?$AA@ 000000018000ddc0     libvcruntime:winapi_downlevel.obj
 0002:00000dd8       ??_C@_0BM@HCFOFFN@InitializeCriticalSectionEx?$AA@ 000000018000ddd8     libvcruntime:winapi_downlevel.obj
 0002:00000df8       _pDestructExceptionObject  000000018000ddf8     libvcruntime:ehhelpers.obj
 0002:00000e00       __acrt_exception_action_table 000000018000de00     libucrt:exception_filter.obj
 0002:00000ec0       __acrt_signal_action_table_count 000000018000dec0     libucrt:exception_filter.obj
 0002:00000ec8       __acrt_signal_action_first_fpe_index 000000018000dec8     libucrt:exception_filter.obj
 0002:00000ed0       __acrt_signal_action_fpe_count 000000018000ded0     libucrt:exception_filter.obj
 0002:00000ed8       ??_C@_1BI@BGOHAHKC@?$AAm?$AAs?$AAc?$AAo?$AAr?$AAe?$AAe?$AA?4?$AAd?$AAl?$AAl?$AA?$AA@ 000000018000ded8     libucrt:exit.obj
 0002:00000ef0       ??_C@_0P@MIGLKIOC@CorExitProcess?$AA@ 000000018000def0     libucrt:exit.obj
 0002:00001160       __lc_time_c                000000018000e160     libucrt:nlsdata.obj
 0002:00001420       ??_C@_03KOEHGMDN@Sun?$AA@  000000018000e420     libucrt:nlsdata.obj
 0002:00001424       ??_C@_03PDAGKDH@Mon?$AA@   000000018000e424     libucrt:nlsdata.obj
 0002:00001428       ??_C@_03NAGEINEP@Tue?$AA@  000000018000e428     libucrt:nlsdata.obj
 0002:0000142c       ??_C@_03MHOMLAJA@Wed?$AA@  000000018000e42c     libucrt:nlsdata.obj
 0002:00001430       ??_C@_03IOFIKPDN@Thu?$AA@  000000018000e430     libucrt:nlsdata.obj
 0002:00001434       ??_C@_03IDIOELNC@Fri?$AA@  000000018000e434     libucrt:nlsdata.obj
 0002:00001438       ??_C@_03FEFJNEK@Sat?$AA@   000000018000e438     libucrt:nlsdata.obj
 0002:0000143c       ??_C@_06OOPIFAJ@Sunday?$AA@ 000000018000e43c     libucrt:nlsdata.obj
 0002:00001444       ??_C@_06JLEDEDGH@Monday?$AA@ 000000018000e444     libucrt:nlsdata.obj
 0002:00001450       ??_C@_07BAAGCFCM@Tuesday?$AA@ 000000018000e450     libucrt:nlsdata.obj
 0002:00001458       ??_C@_09DLIGFAKA@Wednesday?$AA@ 000000018000e458     libucrt:nlsdata.obj
 0002:00001468       ??_C@_08HACCIKIA@Thursday?$AA@ 000000018000e468     libucrt:nlsdata.obj
 0002:00001474       ??_C@_06JECMNKMI@Friday?$AA@ 000000018000e474     libucrt:nlsdata.obj
 0002:00001480       ??_C@_08INBOOONO@Saturday?$AA@ 000000018000e480     libucrt:nlsdata.obj
 0002:0000148c       ??_C@_03JIHJHPIE@Jan?$AA@  000000018000e48c     libucrt:nlsdata.obj
 0002:00001490       ??_C@_03HJBDCHOM@Feb?$AA@  000000018000e490     libucrt:nlsdata.obj
 0002:00001494       ??_C@_03ODNJBKGA@Mar?$AA@  000000018000e494     libucrt:nlsdata.obj
 0002:00001498       ??_C@_03LEOLGMJP@Apr?$AA@  000000018000e498     libucrt:nlsdata.obj
 0002:0000149c       ??_C@_03CNMDKL@May?$AA@    000000018000e49c     libucrt:nlsdata.obj
 0002:000014a0       ??_C@_03IDFGHECI@Jun?$AA@  000000018000e4a0     libucrt:nlsdata.obj
 0002:000014a4       ??_C@_03LBGABGKK@Jul?$AA@  000000018000e4a4     libucrt:nlsdata.obj
 0002:000014a8       ??_C@_03IFJFEIGA@Aug?$AA@  000000018000e4a8     libucrt:nlsdata.obj
 0002:000014ac       ??_C@_03GGCAPAJC@Sep?$AA@  000000018000e4ac     libucrt:nlsdata.obj
 0002:000014b0       ??_C@_03BMAOKBAD@Oct?$AA@  000000018000e4b0     libucrt:nlsdata.obj
 0002:000014b4       ??_C@_03JPJOFNIA@Nov?$AA@  000000018000e4b4     libucrt:nlsdata.obj
 0002:000014b8       ??_C@_03MKABNOCG@Dec?$AA@  000000018000e4b8     libucrt:nlsdata.obj
 0002:000014c0       ??_C@_07CGJPFGJA@January?$AA@ 000000018000e4c0     libucrt:nlsdata.obj
 0002:000014c8       ??_C@_08GNJGEPFN@February?$AA@ 000000018000e4c8     libucrt:nlsdata.obj
 0002:000014d4       ??_C@_05HPCKOFNC@March?$AA@ 000000018000e4d4     libucrt:nlsdata.obj
 0002:000014dc       ??_C@_05DMJDNLEJ@April?$AA@ 000000018000e4dc     libucrt:nlsdata.obj
 0002:000014e4       ??_C@_04CNLMGBGM@June?$AA@ 000000018000e4e4     libucrt:nlsdata.obj
 0002:000014ec       ??_C@_04MIEPOIFP@July?$AA@ 000000018000e4ec     libucrt:nlsdata.obj
 0002:000014f4       ??_C@_06LBBHFDDG@August?$AA@ 000000018000e4f4     libucrt:nlsdata.obj
 0002:00001500       ??_C@_09BHHEALKD@September?$AA@ 000000018000e500     libucrt:nlsdata.obj
 0002:00001510       ??_C@_07JJNFCEND@October?$AA@ 000000018000e510     libucrt:nlsdata.obj
 0002:00001518       ??_C@_08HCHEGEOA@November?$AA@ 000000018000e518     libucrt:nlsdata.obj
 0002:00001528       ??_C@_08EDHMEBNP@December?$AA@ 000000018000e528     libucrt:nlsdata.obj
 0002:00001534       ??_C@_02DEDBPAFC@AM?$AA@   000000018000e534     libucrt:nlsdata.obj
 0002:00001538       ??_C@_02CJNFDJBF@PM?$AA@   000000018000e538     libucrt:nlsdata.obj
 0002:00001540       ??_C@_08BPBNCDIB@MM?1dd?1yy?$AA@ 000000018000e540     libucrt:nlsdata.obj
 0002:00001550       ??_C@_0BE@CKGJFCPC@dddd?0?5MMMM?5dd?0?5yyyy?$AA@ 000000018000e550     libucrt:nlsdata.obj
 0002:00001568       ??_C@_08JCCMCCIL@HH?3mm?3ss?$AA@ 000000018000e568     libucrt:nlsdata.obj
 0002:00001578       ??_C@_17MBGCMIPB@?$AAS?$AAu?$AAn?$AA?$AA@ 000000018000e578     libucrt:nlsdata.obj
 0002:00001580       ??_C@_17KBOMKBF@?$AAM?$AAo?$AAn?$AA?$AA@ 000000018000e580     libucrt:nlsdata.obj
 0002:00001588       ??_C@_17BMKGEGOJ@?$AAT?$AAu?$AAe?$AA?$AA@ 000000018000e588     libucrt:nlsdata.obj
 0002:00001590       ??_C@_17CJEDCEPE@?$AAW?$AAe?$AAd?$AA?$AA@ 000000018000e590     libucrt:nlsdata.obj
 0002:00001598       ??_C@_17PDPHAADD@?$AAT?$AAh?$AAu?$AA?$AA@ 000000018000e598     libucrt:nlsdata.obj
 0002:000015a0       ??_C@_17HFOLPPLP@?$AAF?$AAr?$AAi?$AA?$AA@ 000000018000e5a0     libucrt:nlsdata.obj
 0002:000015a8       ??_C@_17GGIBDPIH@?$AAS?$AAa?$AAt?$AA?$AA@ 000000018000e5a8     libucrt:nlsdata.obj
 0002:000015b0       ??_C@_1O@IHNHDHPB@?$AAS?$AAu?$AAn?$AAd?$AAa?$AAy?$AA?$AA@ 000000018000e5b0     libucrt:nlsdata.obj
 0002:000015c0       ??_C@_1O@MMNBFLIA@?$AAM?$AAo?$AAn?$AAd?$AAa?$AAy?$AA?$AA@ 000000018000e5c0     libucrt:nlsdata.obj
 0002:000015d0       ??_C@_1BA@ENFBFFEK@?$AAT?$AAu?$AAe?$AAs?$AAd?$AAa?$AAy?$AA?$AA@ 000000018000e5d0     libucrt:nlsdata.obj
 0002:000015e0       ??_C@_1BE@EBOGMDOH@?$AAW?$AAe?$AAd?$AAn?$AAe?$AAs?$AAd?$AAa?$AAy?$AA?$AA@ 000000018000e5e0     libucrt:nlsdata.obj
 0002:000015f8       ??_C@_1BC@HHMNLIHE@?$AAT?$AAh?$AAu?$AAr?$AAs?$AAd?$AAa?$AAy?$AA?$AA@ 000000018000e5f8     libucrt:nlsdata.obj
 0002:00001610       ??_C@_1O@PDICJHAG@?$AAF?$AAr?$AAi?$AAd?$AAa?$AAy?$AA?$AA@ 000000018000e610     libucrt:nlsdata.obj
 0002:00001620       ??_C@_1BC@ENMNNPAJ@?$AAS?$AAa?$AAt?$AAu?$AAr?$AAd?$AAa?$AAy?$AA?$AA@ 000000018000e620     libucrt:nlsdata.obj
 0002:00001638       ??_C@_17DKNBKCHM@?$AAJ?$AAa?$AAn?$AA?$AA@ 000000018000e638     libucrt:nlsdata.obj
 0002:00001640       ??_C@_17LMDJEKJN@?$AAF?$AAe?$AAb?$AA?$AA@ 000000018000e640     libucrt:nlsdata.obj
 0002:00001648       ??_C@_17CKNLEDEC@?$AAM?$AAa?$AAr?$AA?$AA@ 000000018000e648     libucrt:nlsdata.obj
 0002:00001650       ??_C@_17LFPOIHDD@?$AAA?$AAp?$AAr?$AA?$AA@ 000000018000e650     libucrt:nlsdata.obj
 0002:00001658       ??_C@_17PNNKMEED@?$AAM?$AAa?$AAy?$AA?$AA@ 000000018000e658     libucrt:nlsdata.obj
 0002:00001660       ??_C@_17KCJGOCPB@?$AAJ?$AAu?$AAn?$AA?$AA@ 000000018000e660     libucrt:nlsdata.obj
 0002:00001668       ??_C@_17IJPCKHK@?$AAJ?$AAu?$AAl?$AA?$AA@ 000000018000e668     libucrt:nlsdata.obj
 0002:00001670       ??_C@_17ICPELBCN@?$AAA?$AAu?$AAg?$AA?$AA@ 000000018000e670     libucrt:nlsdata.obj
 0002:00001678       ??_C@_17HCHCOKMG@?$AAS?$AAe?$AAp?$AA?$AA@ 000000018000e678     libucrt:nlsdata.obj
 0002:00001680       ??_C@_17FNLKOI@?$AAO?$AAc?$AAt?$AA?$AA@ 000000018000e680     libucrt:nlsdata.obj
 0002:00001688       ??_C@_17BBDMLCIG@?$AAN?$AAo?$AAv?$AA?$AA@ 000000018000e688     libucrt:nlsdata.obj
 0002:00001690       ??_C@_17EGKACKIF@?$AAD?$AAe?$AAc?$AA?$AA@ 000000018000e690     libucrt:nlsdata.obj
 0002:00001698       ??_C@_1BA@EFMEIEBA@?$AAJ?$AAa?$AAn?$AAu?$AAa?$AAr?$AAy?$AA?$AA@ 000000018000e698     libucrt:nlsdata.obj
 0002:000016a8       ??_C@_1BC@JGDDFFAM@?$AAF?$AAe?$AAb?$AAr?$AAu?$AAa?$AAr?$AAy?$AA?$AA@ 000000018000e6a8     libucrt:nlsdata.obj
 0002:000016c0       ??_C@_1M@IKEENEDF@?$AAM?$AAa?$AAr?$AAc?$AAh?$AA?$AA@ 000000018000e6c0     libucrt:nlsdata.obj
 0002:000016d0       ??_C@_1M@GJNLMHFD@?$AAA?$AAp?$AAr?$AAi?$AAl?$AA?$AA@ 000000018000e6d0     libucrt:nlsdata.obj
 0002:000016e0       ??_C@_19EPFLPGAP@?$AAJ?$AAu?$AAn?$AAe?$AA?$AA@ 000000018000e6e0     libucrt:nlsdata.obj
 0002:000016f0       ??_C@_19BIFMLPCD@?$AAJ?$AAu?$AAl?$AAy?$AA?$AA@ 000000018000e6f0     libucrt:nlsdata.obj
 0002:00001700       ??_C@_1O@PAHLKOAC@?$AAA?$AAu?$AAg?$AAu?$AAs?$AAt?$AA?$AA@ 000000018000e700     libucrt:nlsdata.obj
 0002:00001710       ??_C@_1BE@DKAAMBJL@?$AAS?$AAe?$AAp?$AAt?$AAe?$AAm?$AAb?$AAe?$AAr?$AA?$AA@ 000000018000e710     libucrt:nlsdata.obj
 0002:00001728       ??_C@_1BA@EPANDLNG@?$AAO?$AAc?$AAt?$AAo?$AAb?$AAe?$AAr?$AA?$AA@ 000000018000e728     libucrt:nlsdata.obj
 0002:00001738       ??_C@_1BC@BGLIFPF@?$AAN?$AAo?$AAv?$AAe?$AAm?$AAb?$AAe?$AAr?$AA?$AA@ 000000018000e738     libucrt:nlsdata.obj
 0002:00001750       ??_C@_1BC@FEMKIFH@?$AAD?$AAe?$AAc?$AAe?$AAm?$AAb?$AAe?$AAr?$AA?$AA@ 000000018000e750     libucrt:nlsdata.obj
 0002:00001764       ??_C@_15ODEHAHHF@?$AAA?$AAM?$AA?$AA@ 000000018000e764     libucrt:nlsdata.obj
 0002:0000176c       ??_C@_15CLMNNGEL@?$AAP?$AAM?$AA?$AA@ 000000018000e76c     libucrt:nlsdata.obj
 0002:00001778       ??_C@_1BC@IEBCMHCM@?$AAM?$AAM?$AA?1?$AAd?$AAd?$AA?1?$AAy?$AAy?$AA?$AA@ 000000018000e778     libucrt:nlsdata.obj
 0002:00001790       ??_C@_1CI@KNAKOEBC@?$AAd?$AAd?$AAd?$AAd?$AA?0?$AA?5?$AAM?$AAM?$AAM?$AAM?$AA?5?$AAd?$AAd?$AA?0?$AA?5?$AAy?$AAy?$AAy?$AAy?$AA?$AA@ 000000018000e790     libucrt:nlsdata.obj
 0002:000017b8       ??_C@_1BC@GDGBMEMK@?$AAH?$AAH?$AA?3?$AAm?$AAm?$AA?3?$AAs?$AAs?$AA?$AA@ 000000018000e7b8     libucrt:nlsdata.obj
 0002:000017d0       ??_C@_1M@BMHNFIME@?$AAe?$AAn?$AA?9?$AAU?$AAS?$AA?$AA@ 000000018000e7d0     libucrt:nlsdata.obj
 0002:00001800       ??_C@_1M@HPNHIDJI@?$AAj?$AAa?$AA?9?$AAJ?$AAP?$AA?$AA@ 000000018000e800     libucrt:mbctype.obj
 0002:00001810       ??_C@_1M@BIBDDEMK@?$AAz?$AAh?$AA?9?$AAC?$AAN?$AA?$AA@ 000000018000e810     libucrt:mbctype.obj
 0002:00001820       ??_C@_1M@JLOOOEGK@?$AAk?$AAo?$AA?9?$AAK?$AAR?$AA?$AA@ 000000018000e820     libucrt:mbctype.obj
 0002:00001830       ??_C@_1M@CLNBBOPM@?$AAz?$AAh?$AA?9?$AAT?$AAW?$AA?$AA@ 000000018000e830     libucrt:mbctype.obj
 0002:000018e0       ??_C@_1EA@JGEFHKEI@?$AAa?$AAp?$AAi?$AA?9?$AAm?$AAs?$AA?9?$AAw?$AAi?$AAn?$AA?9?$AAc?$AAo?$AAr?$AAe?$AA?9?$AAd?$AAa?$AAt?$AAe?$AAt?$AAi?$AAm?$AAe?$AA?9?$AAl?$AA1?$AA?9?$AA1?$AA?9?$AA1?$AA?$AA@ 000000018000e8e0     libucrt:winapi_thunks.obj
 0002:00001920       ??_C@_1DI@IJCEHOCB@?$AAa?$AAp?$AAi?$AA?9?$AAm?$AAs?$AA?9?$AAw?$AAi?$AAn?$AA?9?$AAc?$AAo?$AAr?$AAe?$AA?9?$AAf?$AAi?$AAl?$AAe?$AA?9?$AAl?$AA1?$AA?9?$AA2?$AA?9?$AA2?$AA?$AA@ 000000018000e920     libucrt:winapi_thunks.obj
 0002:00001960       ??_C@_1EI@MPIAOHOC@?$AAa?$AAp?$AAi?$AA?9?$AAm?$AAs?$AA?9?$AAw?$AAi?$AAn?$AA?9?$AAc?$AAo?$AAr?$AAe?$AA?9?$AAl?$AAo?$AAc?$AAa?$AAl?$AAi?$AAz?$AAa?$AAt?$AAi?$AAo?$AAn?$AA?9?$AAl?$AA1?$AA?9@ 000000018000e960     libucrt:winapi_thunks.obj
 0002:000019b0       ??_C@_1FK@FPHCKFIE@?$AAa?$AAp?$AAi?$AA?9?$AAm?$AAs?$AA?9?$AAw?$AAi?$AAn?$AA?9?$AAc?$AAo?$AAr?$AAe?$AA?9?$AAl?$AAo?$AAc?$AAa?$AAl?$AAi?$AAz?$AAa?$AAt?$AAi?$AAo?$AAn?$AA?9?$AAo?$AAb?$AAs@ 000000018000e9b0     libucrt:winapi_thunks.obj
 0002:00001a10       ??_C@_1EM@DILCGIIO@?$AAa?$AAp?$AAi?$AA?9?$AAm?$AAs?$AA?9?$AAw?$AAi?$AAn?$AA?9?$AAc?$AAo?$AAr?$AAe?$AA?9?$AAp?$AAr?$AAo?$AAc?$AAe?$AAs?$AAs?$AAt?$AAh?$AAr?$AAe?$AAa?$AAd?$AAs?$AA?9?$AAl@ 000000018000ea10     libucrt:winapi_thunks.obj
 0002:00001a60       ??_C@_1DM@LNCGDDPN@?$AAa?$AAp?$AAi?$AA?9?$AAm?$AAs?$AA?9?$AAw?$AAi?$AAn?$AA?9?$AAc?$AAo?$AAr?$AAe?$AA?9?$AAs?$AAt?$AAr?$AAi?$AAn?$AAg?$AA?9?$AAl?$AA1?$AA?9?$AA1?$AA?9?$AA0?$AA?$AA@ 000000018000ea60     libucrt:winapi_thunks.obj
 0002:00001aa0       ??_C@_1DO@FPAPJEMD@?$AAa?$AAp?$AAi?$AA?9?$AAm?$AAs?$AA?9?$AAw?$AAi?$AAn?$AA?9?$AAc?$AAo?$AAr?$AAe?$AA?9?$AAs?$AAy?$AAs?$AAi?$AAn?$AAf?$AAo?$AA?9?$AAl?$AA1?$AA?9?$AA2?$AA?9?$AA1?$AA?$AA@ 000000018000eaa0     libucrt:winapi_thunks.obj
 0002:00001ae0       ??_C@_1DK@NDHNAHIO@?$AAa?$AAp?$AAi?$AA?9?$AAm?$AAs?$AA?9?$AAw?$AAi?$AAn?$AA?9?$AAc?$AAo?$AAr?$AAe?$AA?9?$AAw?$AAi?$AAn?$AAr?$AAt?$AA?9?$AAl?$AA1?$AA?9?$AA1?$AA?9?$AA0?$AA?$AA@ 000000018000eae0     libucrt:winapi_thunks.obj
 0002:00001b20       ??_C@_1DM@KGHDGBCM@?$AAa?$AAp?$AAi?$AA?9?$AAm?$AAs?$AA?9?$AAw?$AAi?$AAn?$AA?9?$AAc?$AAo?$AAr?$AAe?$AA?9?$AAx?$AAs?$AAt?$AAa?$AAt?$AAe?$AA?9?$AAl?$AA2?$AA?9?$AA1?$AA?9?$AA0?$AA?$AA@ 000000018000eb20     libucrt:winapi_thunks.obj
 0002:00001b60       ??_C@_1EO@IJIOEFOH@?$AAa?$AAp?$AAi?$AA?9?$AAm?$AAs?$AA?9?$AAw?$AAi?$AAn?$AA?9?$AAr?$AAt?$AAc?$AAo?$AAr?$AAe?$AA?9?$AAn?$AAt?$AAu?$AAs?$AAe?$AAr?$AA?9?$AAw?$AAi?$AAn?$AAd?$AAo?$AAw?$AA?9@ 000000018000eb60     libucrt:winapi_thunks.obj
 0002:00001bb0       ??_C@_1FG@HHGEKANL@?$AAa?$AAp?$AAi?$AA?9?$AAm?$AAs?$AA?9?$AAw?$AAi?$AAn?$AA?9?$AAs?$AAe?$AAc?$AAu?$AAr?$AAi?$AAt?$AAy?$AA?9?$AAs?$AAy?$AAs?$AAt?$AAe?$AAm?$AAf?$AAu?$AAn?$AAc?$AAt?$AAi@ 000000018000ebb0     libucrt:winapi_thunks.obj
 0002:00001c10       ??_C@_1EG@DBIOJECG@?$AAe?$AAx?$AAt?$AA?9?$AAm?$AAs?$AA?9?$AAw?$AAi?$AAn?$AA?9?$AAn?$AAt?$AAu?$AAs?$AAe?$AAr?$AA?9?$AAd?$AAi?$AAa?$AAl?$AAo?$AAg?$AAb?$AAo?$AAx?$AA?9?$AAl?$AA1?$AA?9?$AA1@ 000000018000ec10     libucrt:winapi_thunks.obj
 0002:00001c60       ??_C@_1EO@FIHMJCLF@?$AAe?$AAx?$AAt?$AA?9?$AAm?$AAs?$AA?9?$AAw?$AAi?$AAn?$AA?9?$AAn?$AAt?$AAu?$AAs?$AAe?$AAr?$AA?9?$AAw?$AAi?$AAn?$AAd?$AAo?$AAw?$AAs?$AAt?$AAa?$AAt?$AAi?$AAo?$AAn?$AA?9@ 000000018000ec60     libucrt:winapi_thunks.obj
 0002:00001cb0       ??_C@_1BC@DNHGCMLG@?$AAa?$AAd?$AAv?$AAa?$AAp?$AAi?$AA3?$AA2?$AA?$AA@ 000000018000ecb0     libucrt:winapi_thunks.obj
 0002:00001cc8       ??_C@_1M@OAIMIKLP@?$AAn?$AAt?$AAd?$AAl?$AAl?$AA?$AA@ 000000018000ecc8     libucrt:winapi_thunks.obj
 0002:00001ce0       ??_C@_1EG@DPGNFKGC@?$AAa?$AAp?$AAi?$AA?9?$AAm?$AAs?$AA?9?$AAw?$AAi?$AAn?$AA?9?$AAa?$AAp?$AAp?$AAm?$AAo?$AAd?$AAe?$AAl?$AA?9?$AAr?$AAu?$AAn?$AAt?$AAi?$AAm?$AAe?$AA?9?$AAl?$AA1?$AA?9?$AA1@ 000000018000ece0     libucrt:winapi_thunks.obj
 0002:00001d28       ??_C@_1O@BCCLBEOE@?$AAu?$AAs?$AAe?$AAr?$AA3?$AA2?$AA?$AA@ 000000018000ed28     libucrt:winapi_thunks.obj
 0002:00001d68       ??_C@_0O@KKBNKAPF@LCMapStringEx?$AA@ 000000018000ed68     libucrt:winapi_thunks.obj
 0002:00001d80       ??_C@_0BB@HBDEELFH@LocaleNameToLCID?$AA@ 000000018000ed80     libucrt:winapi_thunks.obj
 0002:00001d98       ??_C@_0CF@OJOFEIGO@AppPolicyGetProcessTerminationMe@ 000000018000ed98     libucrt:winapi_thunks.obj
 0002:00001dc0       __newctype                 000000018000edc0     libucrt:ctype.obj
 0002:000020c0       __newclmap                 000000018000f0c0     libucrt:ctype.obj
 0002:00002240       __newcumap                 000000018000f240     libucrt:ctype.obj
 0002:000023c0       ??_C@_15PJPFLCCM@?$AAu?$AAk?$AA?$AA@ 000000018000f3c0     libucrt:get_qualified_locale.obj
 0002:000023c8       ??_C@_1M@BJNKEDC@?$AAc?$AAa?$AA?9?$AAE?$AAS?$AA?$AA@ 000000018000f3c8     libucrt:lcidtoname_downlevel.obj
 0002:000023d8       ??_C@_1M@IJJHFJHA@?$AAc?$AAs?$AA?9?$AAC?$AAZ?$AA?$AA@ 000000018000f3d8     libucrt:lcidtoname_downlevel.obj
 0002:000023e8       ??_C@_1M@CLPEOBGI@?$AAd?$AAa?$AA?9?$AAD?$AAK?$AA?$AA@ 000000018000f3e8     libucrt:lcidtoname_downlevel.obj
 0002:000023f8       ??_C@_1M@MCMADGCB@?$AAd?$AAe?$AA?9?$AAD?$AAE?$AA?$AA@ 000000018000f3f8     libucrt:lcidtoname_downlevel.obj
 0002:00002408       ??_C@_1M@OOCKEMAM@?$AAe?$AAl?$AA?9?$AAG?$AAR?$AA?$AA@ 000000018000f408     libucrt:lcidtoname_downlevel.obj
 0002:00002418       ??_C@_1M@DDNJFGID@?$AAf?$AAi?$AA?9?$AAF?$AAI?$AA?$AA@ 000000018000f418     libucrt:lcidtoname_downlevel.obj
 0002:00002428       ??_C@_1M@GLIPPMAC@?$AAf?$AAr?$AA?9?$AAF?$AAR?$AA?$AA@ 000000018000f428     libucrt:lcidtoname_downlevel.obj
 0002:00002438       ??_C@_1M@GFMCHPE@?$AAh?$AAe?$AA?9?$AAI?$AAL?$AA?$AA@ 000000018000f438     libucrt:lcidtoname_downlevel.obj
 0002:00002448       ??_C@_1M@MHLPGNKM@?$AAh?$AAu?$AA?9?$AAH?$AAU?$AA?$AA@ 000000018000f448     libucrt:lcidtoname_downlevel.obj
 0002:00002458       ??_C@_1M@LPDDNNPN@?$AAi?$AAs?$AA?9?$AAI?$AAS?$AA?$AA@ 000000018000f458     libucrt:lcidtoname_downlevel.obj
 0002:00002468       ??_C@_1M@MADIPODN@?$AAi?$AAt?$AA?9?$AAI?$AAT?$AA?$AA@ 000000018000f468     libucrt:lcidtoname_downlevel.obj
 0002:00002478       ??_C@_1M@IHBJJGG@?$AAn?$AAl?$AA?9?$AAN?$AAL?$AA?$AA@ 000000018000f478     libucrt:lcidtoname_downlevel.obj
 0002:00002488       ??_C@_1M@EANAGDL@?$AAn?$AAb?$AA?9?$AAN?$AAO?$AA?$AA@ 000000018000f488     libucrt:lcidtoname_downlevel.obj
 0002:00002498       ??_C@_1M@NEIEMEGP@?$AAp?$AAl?$AA?9?$AAP?$AAL?$AA?$AA@ 000000018000f498     libucrt:lcidtoname_downlevel.obj
 0002:000024a8       ??_C@_1M@BOCFIGEP@?$AAp?$AAt?$AA?9?$AAB?$AAR?$AA?$AA@ 000000018000f4a8     libucrt:lcidtoname_downlevel.obj
 0002:000024b8       ??_C@_1M@IMPFOPBG@?$AAr?$AAo?$AA?9?$AAR?$AAO?$AA?$AA@ 000000018000f4b8     libucrt:lcidtoname_downlevel.obj
 0002:000024c8       ??_C@_1M@IDNNEJMM@?$AAr?$AAu?$AA?9?$AAR?$AAU?$AA?$AA@ 000000018000f4c8     libucrt:lcidtoname_downlevel.obj
 0002:000024d8       ??_C@_1M@LILEEOGM@?$AAh?$AAr?$AA?9?$AAH?$AAR?$AA?$AA@ 000000018000f4d8     libucrt:lcidtoname_downlevel.obj
 0002:000024e8       ??_C@_1M@FKIFEHPB@?$AAs?$AAk?$AA?9?$AAS?$AAK?$AA?$AA@ 000000018000f4e8     libucrt:lcidtoname_downlevel.obj
 0002:000024f8       ??_C@_1M@LJMAMNPJ@?$AAs?$AAq?$AA?9?$AAA?$AAL?$AA?$AA@ 000000018000f4f8     libucrt:lcidtoname_downlevel.obj
 0002:00002508       ??_C@_1M@GIAKDKJK@?$AAs?$AAv?$AA?9?$AAS?$AAE?$AA?$AA@ 000000018000f508     libucrt:lcidtoname_downlevel.obj
 0002:00002518       ??_C@_1M@MKJKIKCL@?$AAt?$AAh?$AA?9?$AAT?$AAH?$AA?$AA@ 000000018000f518     libucrt:lcidtoname_downlevel.obj
 0002:00002528       ??_C@_1M@MFLCCMPB@?$AAt?$AAr?$AA?9?$AAT?$AAR?$AA?$AA@ 000000018000f528     libucrt:lcidtoname_downlevel.obj
 0002:00002538       ??_C@_1M@OIJHDKJN@?$AAu?$AAr?$AA?9?$AAP?$AAK?$AA?$AA@ 000000018000f538     libucrt:lcidtoname_downlevel.obj
 0002:00002548       ??_C@_1M@LHIPCIEK@?$AAi?$AAd?$AA?9?$AAI?$AAD?$AA?$AA@ 000000018000f548     libucrt:lcidtoname_downlevel.obj
 0002:00002558       ??_C@_1M@MFMOBGI@?$AAu?$AAk?$AA?9?$AAU?$AAA?$AA?$AA@ 000000018000f558     libucrt:lcidtoname_downlevel.obj
 0002:00002568       ??_C@_1M@OBGLJIPL@?$AAb?$AAe?$AA?9?$AAB?$AAY?$AA?$AA@ 000000018000f568     libucrt:lcidtoname_downlevel.obj
 0002:00002578       ??_C@_1M@BCFAJEAD@?$AAs?$AAl?$AA?9?$AAS?$AAI?$AA?$AA@ 000000018000f578     libucrt:lcidtoname_downlevel.obj
 0002:00002588       ??_C@_1M@FKFFEDDN@?$AAe?$AAt?$AA?9?$AAE?$AAE?$AA?$AA@ 000000018000f588     libucrt:lcidtoname_downlevel.obj
 0002:00002598       ??_C@_1M@KGKKAACI@?$AAl?$AAv?$AA?9?$AAL?$AAV?$AA?$AA@ 000000018000f598     libucrt:lcidtoname_downlevel.obj
 0002:000025a8       ??_C@_1M@IFGBIJO@?$AAl?$AAt?$AA?9?$AAL?$AAT?$AA?$AA@ 000000018000f5a8     libucrt:lcidtoname_downlevel.obj
 0002:000025b8       ??_C@_1M@FGEAHEDM@?$AAf?$AAa?$AA?9?$AAI?$AAR?$AA?$AA@ 000000018000f5b8     libucrt:lcidtoname_downlevel.obj
 0002:000025c8       ??_C@_1M@KBMAIBFN@?$AAv?$AAi?$AA?9?$AAV?$AAN?$AA?$AA@ 000000018000f5c8     libucrt:lcidtoname_downlevel.obj
 0002:000025d8       ??_C@_1M@GPCBKDJK@?$AAh?$AAy?$AA?9?$AAA?$AAM?$AA?$AA@ 000000018000f5d8     libucrt:lcidtoname_downlevel.obj
 0002:000025e8       ??_C@_1BG@BECMDDJB@?$AAa?$AAz?$AA?9?$AAA?$AAZ?$AA?9?$AAL?$AAa?$AAt?$AAn?$AA?$AA@ 000000018000f5e8     libucrt:lcidtoname_downlevel.obj
 0002:00002600       ??_C@_1M@MAOFCAEA@?$AAe?$AAu?$AA?9?$AAE?$AAS?$AA?$AA@ 000000018000f600     libucrt:lcidtoname_downlevel.obj
 0002:00002610       ??_C@_1M@IGHABKPI@?$AAm?$AAk?$AA?9?$AAM?$AAK?$AA?$AA@ 000000018000f610     libucrt:lcidtoname_downlevel.obj
 0002:00002620       ??_C@_1M@IAIGNEJG@?$AAt?$AAn?$AA?9?$AAZ?$AAA?$AA?$AA@ 000000018000f620     libucrt:lcidtoname_downlevel.obj
 0002:00002630       ??_C@_1M@IIJCOJFA@?$AAx?$AAh?$AA?9?$AAZ?$AAA?$AA?$AA@ 000000018000f630     libucrt:lcidtoname_downlevel.obj
 0002:00002640       ??_C@_1M@LGPJHNJH@?$AAz?$AAu?$AA?9?$AAZ?$AAA?$AA?$AA@ 000000018000f640     libucrt:lcidtoname_downlevel.obj
 0002:00002650       ??_C@_1M@HOKAOIO@?$AAa?$AAf?$AA?9?$AAZ?$AAA?$AA?$AA@ 000000018000f650     libucrt:lcidtoname_downlevel.obj
 0002:00002660       ??_C@_1M@DPCLHLIE@?$AAk?$AAa?$AA?9?$AAG?$AAE?$AA?$AA@ 000000018000f660     libucrt:lcidtoname_downlevel.obj
 0002:00002670       ??_C@_1M@BLKMHJBI@?$AAf?$AAo?$AA?9?$AAF?$AAO?$AA?$AA@ 000000018000f670     libucrt:lcidtoname_downlevel.obj
 0002:00002680       ??_C@_1M@LGGJAPPB@?$AAh?$AAi?$AA?9?$AAI?$AAN?$AA?$AA@ 000000018000f680     libucrt:lcidtoname_downlevel.obj
 0002:00002690       ??_C@_1M@FIKPIHFE@?$AAm?$AAt?$AA?9?$AAM?$AAT?$AA?$AA@ 000000018000f690     libucrt:lcidtoname_downlevel.obj
 0002:000026a0       ??_C@_1M@HEGGPBFA@?$AAs?$AAe?$AA?9?$AAN?$AAO?$AA?$AA@ 000000018000f6a0     libucrt:lcidtoname_downlevel.obj
 0002:000026b0       ??_C@_1M@EIBJEEPA@?$AAm?$AAs?$AA?9?$AAM?$AAY?$AA?$AA@ 000000018000f6b0     libucrt:lcidtoname_downlevel.obj
 0002:000026c0       ??_C@_1M@FHLBGMPP@?$AAk?$AAk?$AA?9?$AAK?$AAZ?$AA?$AA@ 000000018000f6c0     libucrt:lcidtoname_downlevel.obj
 0002:000026d0       ??_C@_1M@NGJJLCGI@?$AAk?$AAy?$AA?9?$AAK?$AAG?$AA?$AA@ 000000018000f6d0     libucrt:lcidtoname_downlevel.obj
 0002:000026e0       ??_C@_1M@GIENNBFC@?$AAs?$AAw?$AA?9?$AAK?$AAE?$AA?$AA@ 000000018000f6e0     libucrt:lcidtoname_downlevel.obj
 0002:000026f0       ??_C@_1BG@NDGMJIMJ@?$AAu?$AAz?$AA?9?$AAU?$AAZ?$AA?9?$AAL?$AAa?$AAt?$AAn?$AA?$AA@ 000000018000f6f0     libucrt:lcidtoname_downlevel.obj
 0002:00002708       ??_C@_1M@IDCCIHBC@?$AAt?$AAt?$AA?9?$AAR?$AAU?$AA?$AA@ 000000018000f708     libucrt:lcidtoname_downlevel.obj
 0002:00002718       ??_C@_1M@LOICPMOJ@?$AAb?$AAn?$AA?9?$AAI?$AAN?$AA?$AA@ 000000018000f718     libucrt:lcidtoname_downlevel.obj
 0002:00002728       ??_C@_1M@KPKKNEAH@?$AAp?$AAa?$AA?9?$AAI?$AAN?$AA?$AA@ 000000018000f728     libucrt:lcidtoname_downlevel.obj
 0002:00002738       ??_C@_1M@PJGPPBOG@?$AAg?$AAu?$AA?9?$AAI?$AAN?$AA?$AA@ 000000018000f738     libucrt:lcidtoname_downlevel.obj
 0002:00002748       ??_C@_1M@KMKMOPHI@?$AAt?$AAa?$AA?9?$AAI?$AAN?$AA?$AA@ 000000018000f748     libucrt:lcidtoname_downlevel.obj
 0002:00002758       ??_C@_1M@KFEHEPAC@?$AAt?$AAe?$AA?9?$AAI?$AAN?$AA?$AA@ 000000018000f758     libucrt:lcidtoname_downlevel.obj
 0002:00002768       ??_C@_1M@CDCLMGHI@?$AAk?$AAn?$AA?9?$AAI?$AAN?$AA?$AA@ 000000018000f768     libucrt:lcidtoname_downlevel.obj
 0002:00002778       ??_C@_1M@MIODLDKF@?$AAm?$AAl?$AA?9?$AAI?$AAN?$AA?$AA@ 000000018000f778     libucrt:lcidtoname_downlevel.obj
 0002:00002788       ??_C@_1M@PBIEACPO@?$AAm?$AAr?$AA?9?$AAI?$AAN?$AA?$AA@ 000000018000f788     libucrt:lcidtoname_downlevel.obj
 0002:00002798       ??_C@_1M@NIDEAGPH@?$AAs?$AAa?$AA?9?$AAI?$AAN?$AA?$AA@ 000000018000f798     libucrt:lcidtoname_downlevel.obj
 0002:000027a8       ??_C@_1M@FHIHCBIO@?$AAm?$AAn?$AA?9?$AAM?$AAN?$AA?$AA@ 000000018000f7a8     libucrt:lcidtoname_downlevel.obj
 0002:000027b8       ??_C@_1M@JAIJPENP@?$AAc?$AAy?$AA?9?$AAG?$AAB?$AA?$AA@ 000000018000f7b8     libucrt:lcidtoname_downlevel.obj
 0002:000027c8       ??_C@_1M@PHGFBEPN@?$AAg?$AAl?$AA?9?$AAE?$AAS?$AA?$AA@ 000000018000f7c8     libucrt:lcidtoname_downlevel.obj
 0002:000027d8       ??_C@_1O@KPIPDNCP@?$AAk?$AAo?$AAk?$AA?9?$AAI?$AAN?$AA?$AA@ 000000018000f7d8     libucrt:lcidtoname_downlevel.obj
 0002:000027e8       ??_C@_1O@KNHJLDJA@?$AAs?$AAy?$AAr?$AA?9?$AAS?$AAY?$AA?$AA@ 000000018000f7e8     libucrt:lcidtoname_downlevel.obj
 0002:000027f8       ??_C@_1O@MKEKBLAH@?$AAd?$AAi?$AAv?$AA?9?$AAM?$AAV?$AA?$AA@ 000000018000f7f8     libucrt:lcidtoname_downlevel.obj
 0002:00002808       ??_C@_1O@OHDCKDDF@?$AAq?$AAu?$AAz?$AA?9?$AAB?$AAO?$AA?$AA@ 000000018000f808     libucrt:lcidtoname_downlevel.obj
 0002:00002818       ??_C@_1M@LEPJNLFD@?$AAn?$AAs?$AA?9?$AAZ?$AAA?$AA?$AA@ 000000018000f818     libucrt:lcidtoname_downlevel.obj
 0002:00002828       ??_C@_1M@OMLEIIJB@?$AAm?$AAi?$AA?9?$AAN?$AAZ?$AA?$AA@ 000000018000f828     libucrt:lcidtoname_downlevel.obj
 0002:00002838       ??_C@_1M@PMPEAILG@?$AAa?$AAr?$AA?9?$AAI?$AAQ?$AA?$AA@ 000000018000f838     libucrt:lcidtoname_downlevel.obj
 0002:00002848       ??_C@_1M@CNKPNOEE@?$AAd?$AAe?$AA?9?$AAC?$AAH?$AA?$AA@ 000000018000f848     libucrt:lcidtoname_downlevel.obj
 0002:00002858       ??_C@_1M@LKMGMLKO@?$AAe?$AAn?$AA?9?$AAG?$AAB?$AA?$AA@ 000000018000f858     libucrt:lcidtoname_downlevel.obj
 0002:00002868       ??_C@_1M@PGKJFFGL@?$AAe?$AAs?$AA?9?$AAM?$AAX?$AA?$AA@ 000000018000f868     libucrt:lcidtoname_downlevel.obj
 0002:00002878       ??_C@_1M@DNNANBDC@?$AAf?$AAr?$AA?9?$AAB?$AAE?$AA?$AA@ 000000018000f878     libucrt:lcidtoname_downlevel.obj
 0002:00002888       ??_C@_1M@HLGMDFHM@?$AAi?$AAt?$AA?9?$AAC?$AAH?$AA?$AA@ 000000018000f888     libucrt:lcidtoname_downlevel.obj
 0002:00002898       ??_C@_1M@CLLBGJH@?$AAn?$AAl?$AA?9?$AAB?$AAE?$AA?$AA@ 000000018000f898     libucrt:lcidtoname_downlevel.obj
 0002:000028a8       ??_C@_1M@BODBOGLF@?$AAn?$AAn?$AA?9?$AAN?$AAO?$AA?$AA@ 000000018000f8a8     libucrt:lcidtoname_downlevel.obj
 0002:000028b8       ??_C@_1M@HFFAHKAD@?$AAp?$AAt?$AA?9?$AAP?$AAT?$AA?$AA@ 000000018000f8b8     libucrt:lcidtoname_downlevel.obj
 0002:000028c8       ??_C@_1BG@LNOAKHIE@?$AAs?$AAr?$AA?9?$AAS?$AAP?$AA?9?$AAL?$AAa?$AAt?$AAn?$AA?$AA@ 000000018000f8c8     libucrt:lcidtoname_downlevel.obj
 0002:000028e0       ??_C@_1M@HBMHBGAK@?$AAs?$AAv?$AA?9?$AAF?$AAI?$AA?$AA@ 000000018000f8e0     libucrt:lcidtoname_downlevel.obj
 0002:000028f0       ??_C@_1BG@DGCJGJBE@?$AAa?$AAz?$AA?9?$AAA?$AAZ?$AA?9?$AAC?$AAy?$AAr?$AAl?$AA?$AA@ 000000018000f8f0     libucrt:lcidtoname_downlevel.obj
 0002:00002908       ??_C@_1M@KEJDAAHB@?$AAs?$AAe?$AA?9?$AAS?$AAE?$AA?$AA@ 000000018000f908     libucrt:lcidtoname_downlevel.obj
 0002:00002918       ??_C@_1M@HEIBJJAD@?$AAm?$AAs?$AA?9?$AAB?$AAN?$AA?$AA@ 000000018000f918     libucrt:lcidtoname_downlevel.obj
 0002:00002928       ??_C@_1BG@PBGJMCEM@?$AAu?$AAz?$AA?9?$AAU?$AAZ?$AA?9?$AAC?$AAy?$AAr?$AAl?$AA?$AA@ 000000018000f928     libucrt:lcidtoname_downlevel.obj
 0002:00002940       ??_C@_1O@LAOBCMDF@?$AAq?$AAu?$AAz?$AA?9?$AAE?$AAC?$AA?$AA@ 000000018000f940     libucrt:lcidtoname_downlevel.obj
 0002:00002950       ??_C@_1M@POEEMAIO@?$AAa?$AAr?$AA?9?$AAE?$AAG?$AA?$AA@ 000000018000f950     libucrt:lcidtoname_downlevel.obj
 0002:00002960       ??_C@_1M@EFAKDEDL@?$AAz?$AAh?$AA?9?$AAH?$AAK?$AA?$AA@ 000000018000f960     libucrt:lcidtoname_downlevel.obj
 0002:00002970       ??_C@_1M@HKKIJHGI@?$AAd?$AAe?$AA?9?$AAA?$AAT?$AA?$AA@ 000000018000f970     libucrt:lcidtoname_downlevel.obj
 0002:00002980       ??_C@_1M@KBFBEHJF@?$AAe?$AAn?$AA?9?$AAA?$AAU?$AA?$AA@ 000000018000f980     libucrt:lcidtoname_downlevel.obj
 0002:00002990       ??_C@_1M@MNPLFAAH@?$AAe?$AAs?$AA?9?$AAE?$AAS?$AA?$AA@ 000000018000f990     libucrt:lcidtoname_downlevel.obj
[...]
 0004:000006fc       $pdata$__dcrt_get_narrow_environment_from_os 00000001800196fc     libucrt:get_environment_from_os.obj
 0004:00000708       $pdata$_recalloc_base      0000000180019708     libucrt:recalloc.obj
 0004:00000714       $pdata$?try_get_function@@YAPEAXW4function_id@?A0x391cf84c@@QEBDQEBW4module_id@2@2@Z 0000000180019714     libucrt:winapi_thunks.obj
 0004:00000720       $pdata$__acrt_AppPolicyGetProcessTerminationMethodInternal 0000000180019720     libucrt:winapi_thunks.obj
 0004:0000072c       $pdata$__acrt_FlsAlloc     000000018001972c     libucrt:winapi_thunks.obj
 0004:00000738       $pdata$__acrt_FlsFree      0000000180019738     libucrt:winapi_thunks.obj
 0004:00000744       $pdata$__acrt_FlsGetValue  0000000180019744     libucrt:winapi_thunks.obj
 0004:00000750       $pdata$__acrt_FlsSetValue  0000000180019750     libucrt:winapi_thunks.obj
 0004:0000075c       $pdata$__acrt_InitializeCriticalSectionEx 000000018001975c     libucrt:winapi_thunks.obj
 0004:00000768       $pdata$__acrt_LCMapStringEx 0000000180019768     libucrt:winapi_thunks.obj
 0004:00000774       $pdata$__acrt_LocaleNameToLCID 0000000180019774     libucrt:winapi_thunks.obj
 0004:00000780       $pdata$__acrt_initialize_winapi_thunks 0000000180019780     libucrt:winapi_thunks.obj
 0004:0000078c       $pdata$__acrt_uninitialize_winapi_thunks 000000018001978c     libucrt:winapi_thunks.obj
 0004:00000798       $pdata$__acrt_initialize_heap 0000000180019798     libucrt:heap_handle.obj
 0004:000007a4       $pdata$?initialize_inherited_file_handles_nolock@@YAXXZ 00000001800197a4     libucrt:ioinit.obj
 0004:000007b0       $pdata$?initialize_stdio_handles_nolock@@YAXXZ 00000001800197b0     libucrt:ioinit.obj
 0004:000007bc       $pdata$__acrt_initialize_lowio 00000001800197bc     libucrt:ioinit.obj
 0004:000007c8       $pdata$__acrt_uninitialize_lowio 00000001800197c8     libucrt:ioinit.obj
 0004:000007d4       $pdata$__acrt_execute_initializers 00000001800197d4     libucrt:shared_initialization.obj
 0004:000007e0       $pdata$__acrt_execute_uninitializers 00000001800197e0     libucrt:shared_initialization.obj
 0004:000007ec       $pdata$_callnewh           00000001800197ec     libucrt:new_handler.obj
 0004:000007f8       $pdata$_query_new_handler  00000001800197f8     libucrt:new_handler.obj
 0004:00000804       $pdata$??$?RV<lambda_450d765d439847d4c735a33c368b5fc0>@@AEAV<lambda_44731a7d0e6d81c3e6aa82d741081786>@@V<lambda_601a2a7da3b7a96e9554ac7215c4b07c>@@@?$__crt_seh_guarded_call@P6AXH@Z@@QEAAP6AXH@Z$$QEAV<lambda_450d765d439847d4c735a33c368b5fc0>@@AEAV<lambda_44731a7d0e6d81c3e6aa82d741081786>@@$$QEAV<lambda_601a2a7da3b7a96e9554ac7215c4b07c>@@@Z 0000000180019804     libucrt:signal.obj
 0004:00000810       $pdata$__acrt_get_sigabrt_handler 0000000180019810     libucrt:signal.obj
 0004:0000081c       $pdata$raise               000000018001981c     libucrt:signal.obj
 0004:00000828       $pdata$??$?RV<lambda_842d9ff0dc9ef11c61343bbaebe7f885>@@AEAV<lambda_c5860995281e5c4ce005b3de8f5874ee>@@V<lambda_d90129c13df834fdcbf8d2b88dafcf2d>@@@?$__crt_seh_guarded_call@X@@QEAAX$$QEAV<lambda_842d9ff0dc9ef11c61343bbaebe7f885>@@AEAV<lambda_c5860995281e5c4ce005b3de8f5874ee>@@$$QEAV<lambda_d90129c13df834fdcbf8d2b88dafcf2d>@@@Z 0000000180019828     libucrt:fflush.obj
 0004:00000834       $pdata$??$?RV<lambda_886d6c58226a84441f68b9f2b8217b83>@@AEAV<lambda_ab61a845afdef5b7c387490eaf3616ee>@@V<lambda_f7f22ab5edc0698d5f6905b0d3f44752>@@@?$__crt_seh_guarded_call@X@@QEAAX$$QEAV<lambda_886d6c58226a84441f68b9f2b8217b83>@@AEAV<lambda_ab61a845afdef5b7c387490eaf3616ee>@@$$QEAV<lambda_f7f22ab5edc0698d5f6905b0d3f44752>@@@Z 0000000180019834     libucrt:fflush.obj
 0004:00000840       $pdata$?common_flush_all@@YAH_N@Z 0000000180019840     libucrt:fflush.obj
 0004:0000084c       $pdata$__acrt_stdio_flush_nolock 000000018001984c     libucrt:fflush.obj
 0004:00000858       $pdata$_fflush_nolock      0000000180019858     libucrt:fflush.obj
 0004:00000864       $pdata$__acrt_initialize_stdio 0000000180019864     libucrt:_file.obj
 0004:00000870       $pdata$__acrt_uninitialize_stdio 0000000180019870     libucrt:_file.obj
 0004:0000087c       $pdata$_mbtowc_l           000000018001987c     libucrt:mbtowc.obj
 0004:00000888       $pdata$_fileno             0000000180019888     libucrt:fileno.obj
 0004:00000894       $pdata$__pctype_func       0000000180019894     libucrt:ctype.obj
 0004:000008a0       $pdata$_isctype_l          00000001800198a0     libucrt:isctype.obj
 0004:000008ac       $pdata$_isleadbyte_l       00000001800198ac     libucrt:_wctype.obj
 0004:000008b8       $pdata$?__acrt_LCMapStringA_stat@@YAHPEAU__crt_locale_pointers@@PEB_WKPEBDHPEADHHH@Z 00000001800198b8     libucrt:lcmapstringa.obj
 0004:000008c4       $pdata$__acrt_LCMapStringA 00000001800198c4     libucrt:lcmapstringa.obj
 0004:000008d0       $pdata$__acrt_free_locale  00000001800198d0     libucrt:locale_refcounting.obj
 0004:000008dc       $pdata$__acrt_locale_free_lc_time_if_unreferenced 00000001800198dc     libucrt:locale_refcounting.obj
 0004:000008e8       $pdata$__acrt_release_locale_ref 00000001800198e8     libucrt:locale_refcounting.obj
 0004:000008f4       $pdata$__acrt_update_thread_locale_data 00000001800198f4     libucrt:locale_refcounting.obj
 0004:00000900       $pdata$_updatetlocinfoEx_nolock 0000000180019900     libucrt:locale_refcounting.obj
 0004:0000090c       $pdata$__acrt_locale_free_monetary 000000018001990c     libucrt:initmon.obj
 0004:00000918       $pdata$__acrt_locale_free_numeric 0000000180019918     libucrt:initnum.obj
 0004:00000924       $pdata$?free_crt_array_internal@@YAXQEAPEBX_K@Z 0000000180019924     libucrt:inittime.obj
 0004:00000930       $pdata$__acrt_locale_free_time 0000000180019930     libucrt:inittime.obj
 0004:0000093c       $pdata$__acrt_GetStringTypeA 000000018001993c     libucrt:getstringtypea.obj
 0004:00000948       $pdata$qsort               0000000180019948     libucrt:qsort.obj
 0004:00000954       $pdata$4$qsort             0000000180019954     libucrt:qsort.obj
 0004:00000960       $pdata$5$qsort             0000000180019960     libucrt:qsort.obj
 0004:0000096c       $pdata$strncpy_s           000000018001996c     libucrt:strncpy_s.obj
 0004:00000978       $pdata$fallbackMethod      0000000180019978     libucrt:strpbrk.obj
 0004:00000984       $pdata$strpbrk             0000000180019984     libucrt:strpbrk.obj
 0004:00000990       $pdata$_mbsdec_l           0000000180019990     libucrt:mbsdec.obj
 0004:0000099c       $pdata$?initialize_multibyte@@YAHXZ 000000018001999c     libucrt:multibyte_initializer.obj
 0004:000009a8       $pdata$_msize_base         00000001800199a8     libucrt:msize.obj
 0004:000009b4       $pdata$_realloc_base       00000001800199b4     libucrt:realloc_base.obj
 0004:000009c0       $pdata$?GetTableIndexFromLocaleName@@YAHPEB_W@Z 00000001800199c0     libucrt:lcidtoname_downlevel.obj
 0004:000009cc       $pdata$__acrt_DownlevelLocaleNameToLCID 00000001800199cc     libucrt:lcidtoname_downlevel.obj
 0004:000009d8       $pdata$__acrt_lowio_create_handle_array 00000001800199d8     libucrt:osfinfo.obj
 0004:000009e4       $pdata$__acrt_lowio_destroy_handle_array 00000001800199e4     libucrt:osfinfo.obj
 0004:000009f0       $pdata$__acrt_lowio_ensure_fh_exists 00000001800199f0     libucrt:osfinfo.obj
 0004:000009fc       $pdata$_free_osfhnd        00000001800199fc     libucrt:osfinfo.obj
 0004:00000a08       $pdata$_get_osfhandle      0000000180019a08     libucrt:osfinfo.obj
 0004:00000a14       $pdata$??$?RV<lambda_a37b2b86f63e897a80ea819b0eb08c01>@@AEAV<lambda_38ce7e780aa69e748d6df282ebc68efe>@@V<lambda_99fb1378e971ab6e7edea83e3a7a83a2>@@@?$__crt_seh_guarded_call@H@@QEAAH$$QEAV<lambda_a37b2b86f63e897a80ea819b0eb08c01>@@AEAV<lambda_38ce7e780aa69e748d6df282ebc68efe>@@$$QEAV<lambda_99fb1378e971ab6e7edea83e3a7a83a2>@@@Z 0000000180019a14     libucrt:commit.obj
 0004:00000a20       $pdata$_commit             0000000180019a20     libucrt:commit.obj
 0004:00000a2c       $pdata$?write_double_translated_ansi_nolock@@YA?AUwrite_result@?A0x17268360@@HQEBDI@Z 0000000180019a2c     libucrt:write.obj
 0004:00000a38       $pdata$?write_text_ansi_nolock@@YA?AUwrite_result@?A0x17268360@@HQEBDI@Z 0000000180019a38     libucrt:write.obj
 0004:00000a44       $pdata$?write_text_utf16le_nolock@@YA?AUwrite_result@?A0x17268360@@HQEBDI@Z 0000000180019a44     libucrt:write.obj
 0004:00000a50       $pdata$?write_text_utf8_nolock@@YA?AUwrite_result@?A0x17268360@@HQEBDI@Z 0000000180019a50     libucrt:write.obj
 0004:00000a5c       $pdata$_write              0000000180019a5c     libucrt:write.obj
 0004:00000a68       $pdata$_write_nolock       0000000180019a68     libucrt:write.obj
 0004:00000a74       $pdata$_fcloseall          0000000180019a74     libucrt:closeall.obj
 0004:00000a80       $pdata$__acrt_stdio_free_buffer_nolock 0000000180019a80     libucrt:_freebuf.obj
 0004:00000a8c       $pdata$_isatty             0000000180019a8c     libucrt:isatty.obj
 0004:00000a98       $pdata$??$common_lseek_nolock@_J@@YA_JH_JH@Z 0000000180019a98     libucrt:lseek.obj
 0004:00000aa4       $pdata$_putwch_nolock      0000000180019aa4     libucrt:putwch.obj
 0004:00000ab0       $pdata$_fclose_nolock      0000000180019ab0     libucrt:fclose.obj
 0004:00000abc       $pdata$fclose              0000000180019abc     libucrt:fclose.obj
 0004:00000ad4       $pdata$__dcrt_lowio_ensure_console_output_initialized 0000000180019ad4     libucrt:initcon.obj
 0004:00000ae0       $pdata$__dcrt_terminate_console_output 0000000180019ae0     libucrt:initcon.obj
 0004:00000aec       $pdata$__dcrt_write_console_w 0000000180019aec     libucrt:initcon.obj
 0004:00000af8       $pdata$??$?RV<lambda_751a882b2c74d4b022dec766aa51a29a>@@AEAV<lambda_628dfdc04ba53c8bfc02c9951375f3f5>@@V<lambda_f6c7be5f7998530c34de24c7437d6b54>@@@?$__crt_seh_guarded_call@H@@QEAAH$$QEAV<lambda_751a882b2c74d4b022dec766aa51a29a>@@AEAV<lambda_628dfdc04ba53c8bfc02c9951375f3f5>@@$$QEAV<lambda_f6c7be5f7998530c34de24c7437d6b54>@@@Z 0000000180019af8     libucrt:close.obj
 0004:00000b04       $pdata$_close              0000000180019b04     libucrt:close.obj
 0004:00000b10       $pdata$_close_nolock       0000000180019b10     libucrt:close.obj
 0004:00000b1c       $pdata$_call_matherr       0000000180019b1c     libucrt:libm_error.obj
 0004:00000b28       $pdata$_exception_enabled  0000000180019b28     libucrt:libm_error.obj
 0004:00000b34       $pdata$_handle_error       0000000180019b34     libucrt:libm_error.obj
 0004:00000b40       $pdata$__acrt_initialize_fma3 0000000180019b40     libucrt:fma3_available.obj
 0004:00000b4c       $pdata$_log10_special      0000000180019b4c     libucrt:log_special.obj
 0004:00000b58       $pdata$_log_special_common 0000000180019b58     libucrt:log_special.obj
 0004:00000b70       $pdata$_raise_exc          0000000180019b70     libucrt:fpexcept.obj
 0004:00000b7c       $pdata$_raise_exc_ex       0000000180019b7c     libucrt:fpexcept.obj
 0004:00000b88       $pdata$_set_errno_from_matherr 0000000180019b88     libucrt:fpexcept.obj
 0004:00000b94       $pdata$_clrfp              0000000180019b94     libucrt:fpctrl.obj
 0004:00000ba0       $pdata$_ctrlfp             0000000180019ba0     libucrt:fpctrl.obj
 0004:00000bac       $pdata$_set_statfp         0000000180019bac     libucrt:fpctrl.obj
 0004:00000bb8       $pdata$_statfp             0000000180019bb8     libucrt:fpctrl.obj
 0004:00000bc4       $pdata$?DloadAcquireSectionWriteAccess@@YAXXZ 0000000180019bc4     DelayImp:delayhlp.obj
 0004:00000bd0       $pdata$?DloadGetSRWLockFunctionPointers@@YAEXZ 0000000180019bd0     DelayImp:delayhlp.obj
 0004:00000bdc       $pdata$?DloadMakePermanentImageCommit@@YAXPEAX_K@Z 0000000180019bdc     DelayImp:delayhlp.obj
 0004:00000be8       $pdata$?DloadObtainSection@@YAPEAXPEAK0@Z 0000000180019be8     DelayImp:delayhlp.obj
 0004:00000bf4       $pdata$?DloadProtectSection@@YAXKPEAK@Z 0000000180019bf4     DelayImp:delayhlp.obj
 0004:00000c00       $pdata$?DloadReleaseSectionWriteAccess@@YAXXZ 0000000180019c00     DelayImp:delayhlp.obj
 0004:00000c0c       $pdata$__delayLoadHelper2  0000000180019c0c     DelayImp:delayhlp.obj
 0004:00000c18       $pdata$_IsNonwritableInCurrentImage 0000000180019c18     LIBCMT:pesect.obj
 0004:00000c24       $pdata$__GSHandlerCheck    0000000180019c24     LIBCMT:_gshandler_.obj
 0004:00000c30       $pdata$__GSHandlerCheckCommon 0000000180019c30     LIBCMT:_gshandler_.obj
 0004:00000c90       $pdata$?fin$0@?0??dllmain_crt_process_attach@@YAHQEAUHINSTANCE__@@QEAX@Z@4HA 0000000180019c90     LIBCMT:dll_dllmain.obj
 0004:00000c9c       $pdata$?fin$0@?0??dllmain_crt_process_detach@@YAH_N@Z@4HA 0000000180019c9c     LIBCMT:dll_dllmain.obj
 0004:00000ca8       $pdata$?filt$0@?0??dllmain_dispatch@@YAHQEAUHINSTANCE__@@KQEAX@Z@4HA 0000000180019ca8     LIBCMT:dll_dllmain.obj
 0004:00000cb4       $pdata$__scrt_is_nonwritable_in_current_image$filt$0 0000000180019cb4     LIBCMT:utility.obj
 0004:00000cc0       $pdata$__DestructExceptionObject$filt$0 0000000180019cc0     libvcruntime:ehhelpers.obj
 0004:00000ccc       $pdata$?fin$0@?0???$?RV<lambda_f2e299630e499de9f9a165e60fcd3db5>@@AEAV<lambda_2ae9d31cdba2644fcbeaf08da7c24588>@@V<lambda_40d01ff24d0e7b3814fdbdcee8eab3c7>@@@?$__crt_seh_guarded_call@X@@QEAAX$$QEAV<lambda_f2e299630e499de9f9a165e60fcd3db5>@@AEAV<lambda_2ae9d31cdba2644fcbeaf08da7c24588>@@$$QEAV<lambda_40d01ff24d0e7b3814fdbdcee8eab3c7>@@@Z@4HA 0000000180019ccc     libucrt:per_thread_data.obj
 0004:00000ccc       $pdata$?fin$0@?0???$?RV<lambda_efdfa57d1f175319df784efa44bb7b81>@@AEAV<lambda_5f0a4c1567f8adc6734073e5d1e1b35c>@@V<lambda_2e8a7d3640ea6ccb4c2413664c2db6fd>@@@?$__crt_seh_guarded_call@X@@QEAAX$$QEAV<lambda_efdfa57d1f175319df784efa44bb7b81>@@AEAV<lambda_5f0a4c1567f8adc6734073e5d1e1b35c>@@$$QEAV<lambda_2e8a7d3640ea6ccb4c2413664c2db6fd>@@@Z@4HA 0000000180019ccc     libucrt:mbctype.obj
 0004:00000ccc       $pdata$?fin$0@?0???$?RV<lambda_0ae27a3a962d80f24befdcbee591983d>@@AEAV<lambda_8d0ee55de4b1038c4002e0adecdf1839>@@V<lambda_dc504788e8f1664fe9b84e20bfb512f2>@@@?$__crt_seh_guarded_call@X@@QEAAX$$QEAV<lambda_0ae27a3a962d80f24befdcbee591983d>@@AEAV<lambda_8d0ee55de4b1038c4002e0adecdf1839>@@$$QEAV<lambda_dc504788e8f1664fe9b84e20bfb512f2>@@@Z@4HA 0000000180019ccc     libucrt:per_thread_data.obj
 0004:00000ccc       $pdata$?fin$0@?0???$?RV<lambda_d80eeec6fff315bfe5c115232f3240e3>@@AEAV<lambda_6e4b09c48022b2350581041d5f6b0c4c>@@V<lambda_2358e3775559c9db80273638284d5e45>@@@?$__crt_seh_guarded_call@X@@QEAAX$$QEAV<lambda_d80eeec6fff315bfe5c115232f3240e3>@@AEAV<lambda_6e4b09c48022b2350581041d5f6b0c4c>@@$$QEAV<lambda_2358e3775559c9db80273638284d5e45>@@@Z@4HA 0000000180019ccc     libucrt:exit.obj
 0004:00000ccc       $pdata$?fin$0@?0???$?RV<lambda_7777bce6b2f8c936911f934f8298dc43>@@AEAV<lambda_f03950bc5685219e0bcd2087efbe011e>@@V<lambda_3883c3dff614d5e0c5f61bb1ac94921c>@@@?$__crt_seh_guarded_call@H@@QEAAH$$QEAV<lambda_7777bce6b2f8c936911f934f8298dc43>@@AEAV<lambda_f03950bc5685219e0bcd2087efbe011e>@@$$QEAV<lambda_3883c3dff614d5e0c5f61bb1ac94921c>@@@Z@4HA 0000000180019ccc     libucrt:onexit.obj
 0004:00000ccc       $pdata$?fin$0@?0???$?RV<lambda_450d765d439847d4c735a33c368b5fc0>@@AEAV<lambda_44731a7d0e6d81c3e6aa82d741081786>@@V<lambda_601a2a7da3b7a96e9554ac7215c4b07c>@@@?$__crt_seh_guarded_call@P6AXH@Z@@QEAAP6AXH@Z$$QEAV<lambda_450d765d439847d4c735a33c368b5fc0>@@AEAV<lambda_44731a7d0e6d81c3e6aa82d741081786>@@$$QEAV<lambda_601a2a7da3b7a96e9554ac7215c4b07c>@@@Z@4HA 0000000180019ccc     libucrt:signal.obj
 0004:00000ccc       $pdata$?fin$0@?0???$?RV<lambda_aa87e3671a710a21b5dc78c0bdf72e11>@@AEAV<lambda_92619d2358a28f41a33ba319515a20b9>@@V<lambda_6992ecaafeb10aed2b74cb1fae11a551>@@@?$__crt_seh_guarded_call@X@@QEAAX$$QEAV<lambda_aa87e3671a710a21b5dc78c0bdf72e11>@@AEAV<lambda_92619d2358a28f41a33ba319515a20b9>@@$$QEAV<lambda_6992ecaafeb10aed2b74cb1fae11a551>@@@Z@4HA 0000000180019ccc     libucrt:per_thread_data.obj
 0004:00000ccc       $pdata$?fin$0@?0???$?RV<lambda_2d41944a1d46af3157314b8a01080d33>@@AEAV<lambda_8f455de75cd7d7f24b4096f044d8b9e6>@@V<lambda_aa500f224e6afead328df44964fe2772>@@@?$__crt_seh_guarded_call@X@@QEAAX$$QEAV<lambda_2d41944a1d46af3157314b8a01080d33>@@AEAV<lambda_8f455de75cd7d7f24b4096f044d8b9e6>@@$$QEAV<lambda_aa500f224e6afead328df44964fe2772>@@@Z@4HA 0000000180019ccc     libucrt:per_thread_data.obj
 0004:00000cd8       $pdata$?filt$0@?0???R<lambda_6e4b09c48022b2350581041d5f6b0c4c>@@QEBA@XZ@4HA 0000000180019cd8     libucrt:exit.obj
 0004:00000ce4       $pdata$?fin$0@?0???$?RV<lambda_410d79af7f07d98d83a3f525b3859a53>@@AEAV<lambda_3e16ef9562a7dcce91392c22ab16ea36>@@V<lambda_38119f0e861e05405d8a144b9b982f0a>@@@?$__crt_seh_guarded_call@X@@QEAAX$$QEAV<lambda_410d79af7f07d98d83a3f525b3859a53>@@AEAV<lambda_3e16ef9562a7dcce91392c22ab16ea36>@@$$QEAV<lambda_38119f0e861e05405d8a144b9b982f0a>@@@Z@4HA 0000000180019ce4     libucrt:wsetlocale.obj
 0004:00000cf0       $pdata$?fin$0@?0??update_thread_multibyte_data_internal@@YAPEAU__crt_multibyte_data@@QEAU__acrt_ptd@@QEAPEAU1@@Z@4HA 0000000180019cf0     libucrt:mbctype.obj
 0004:00000cfc       $pdata$__acrt_initialize_lowio$fin$0 0000000180019cfc     libucrt:ioinit.obj
 0004:00000cfc       $pdata$__acrt_lowio_ensure_fh_exists$fin$0 0000000180019cfc     libucrt:osfinfo.obj
 0004:00000d08       $pdata$_query_new_handler$fin$0 0000000180019d08     libucrt:new_handler.obj
 0004:00000d14       $pdata$raise$fin$0         0000000180019d14     libucrt:signal.obj
 0004:00000d20       $pdata$?fin$0@?0???$?RV<lambda_842d9ff0dc9ef11c61343bbaebe7f885>@@AEAV<lambda_c5860995281e5c4ce005b3de8f5874ee>@@V<lambda_d90129c13df834fdcbf8d2b88dafcf2d>@@@?$__crt_seh_guarded_call@X@@QEAAX$$QEAV<lambda_842d9ff0dc9ef11c61343bbaebe7f885>@@AEAV<lambda_c5860995281e5c4ce005b3de8f5874ee>@@$$QEAV<lambda_d90129c13df834fdcbf8d2b88dafcf2d>@@@Z@4HA 0000000180019d20     libucrt:fflush.obj
 0004:00000d2c       $pdata$?fin$0@?0???$?RV<lambda_886d6c58226a84441f68b9f2b8217b83>@@AEAV<lambda_ab61a845afdef5b7c387490eaf3616ee>@@V<lambda_f7f22ab5edc0698d5f6905b0d3f44752>@@@?$__crt_seh_guarded_call@X@@QEAAX$$QEAV<lambda_886d6c58226a84441f68b9f2b8217b83>@@AEAV<lambda_ab61a845afdef5b7c387490eaf3616ee>@@$$QEAV<lambda_f7f22ab5edc0698d5f6905b0d3f44752>@@@Z@4HA 0000000180019d2c     libucrt:fflush.obj
 0004:00000d38       $pdata$__acrt_update_thread_locale_data$fin$0 0000000180019d38     libucrt:locale_refcounting.obj
 0004:00000d44       $pdata$?fin$0@?0???$?RV<lambda_751a882b2c74d4b022dec766aa51a29a>@@AEAV<lambda_628dfdc04ba53c8bfc02c9951375f3f5>@@V<lambda_f6c7be5f7998530c34de24c7437d6b54>@@@?$__crt_seh_guarded_call@H@@QEAAH$$QEAV<lambda_751a882b2c74d4b022dec766aa51a29a>@@AEAV<lambda_628dfdc04ba53c8bfc02c9951375f3f5>@@$$QEAV<lambda_f6c7be5f7998530c34de24c7437d6b54>@@@Z@4HA 0000000180019d44     libucrt:close.obj
 0004:00000d44       $pdata$?fin$0@?0???$?RV<lambda_a37b2b86f63e897a80ea819b0eb08c01>@@AEAV<lambda_38ce7e780aa69e748d6df282ebc68efe>@@V<lambda_99fb1378e971ab6e7edea83e3a7a83a2>@@@?$__crt_seh_guarded_call@H@@QEAAH$$QEAV<lambda_a37b2b86f63e897a80ea819b0eb08c01>@@AEAV<lambda_38ce7e780aa69e748d6df282ebc68efe>@@$$QEAV<lambda_99fb1378e971ab6e7edea83e3a7a83a2>@@@Z@4HA 0000000180019d44     libucrt:commit.obj
 0004:00000d50       $pdata$_write$fin$0        0000000180019d50     libucrt:write.obj
 0004:00000d5c       $pdata$_fcloseall$fin$0    0000000180019d5c     libucrt:closeall.obj
 0004:00000d68       $pdata$fclose$fin$0        0000000180019d68     libucrt:fclose.obj
 0004:00000d74       $pdata$_ctrlfp$filt$0      0000000180019d74     libucrt:fpctrl.obj
 0004:00000d80       $pdata$_IsNonwritableInCurrentImage$filt$0 0000000180019d80     LIBCMT:pesect.obj
 0005:00000060       $R000000                   000000018001a060     * linker generated manifest res *

 Exports

  ordinal    name

        1    _register_hello_
